Archive member included to satisfy reference by file (symbol)

f:/mcuxpressoide_10.0.2_411/ide/tools/bin/../lib/gcc/arm-none-eabi/5.4.1/../../../../arm-none-eabi/lib/armv6-m\libcr_semihost_nf.a(_cr__main.o)
                              ./startup/startup_mkw41z4.o (__main)
f:/mcuxpressoide_10.0.2_411/ide/tools/bin/../lib/gcc/arm-none-eabi/5.4.1/../../../../arm-none-eabi/lib/armv6-m\libcr_c.a(memcpy.o)
                              ./freertos/queue.o (memcpy)
f:/mcuxpressoide_10.0.2_411/ide/tools/bin/../lib/gcc/arm-none-eabi/5.4.1/../../../../arm-none-eabi/lib/armv6-m\libcr_c.a(memset.o)
                              ./freertos/tasks.o (memset)
f:/mcuxpressoide_10.0.2_411/ide/tools/bin/../lib/gcc/arm-none-eabi/5.4.1/../../../../arm-none-eabi/lib/armv6-m\libcr_c.a(initio.o)
                              f:/mcuxpressoide_10.0.2_411/ide/tools/bin/../lib/gcc/arm-none-eabi/5.4.1/../../../../arm-none-eabi/lib/armv6-m\libcr_semihost_nf.a(_cr__main.o) (_initio)
f:/mcuxpressoide_10.0.2_411/ide/tools/bin/../lib/gcc/arm-none-eabi/5.4.1/../../../../arm-none-eabi/lib/armv6-m\libcr_c.a(setvbuf.o)
                              f:/mcuxpressoide_10.0.2_411/ide/tools/bin/../lib/gcc/arm-none-eabi/5.4.1/../../../../arm-none-eabi/lib/armv6-m\libcr_c.a(initio.o) (setvbuf)
f:/mcuxpressoide_10.0.2_411/ide/tools/bin/../lib/gcc/arm-none-eabi/5.4.1/../../../../arm-none-eabi/lib/armv6-m\libcr_c.a(_fdopen.o)
                              f:/mcuxpressoide_10.0.2_411/ide/tools/bin/../lib/gcc/arm-none-eabi/5.4.1/../../../../arm-none-eabi/lib/armv6-m\libcr_c.a(initio.o) (_fdopen)
f:/mcuxpressoide_10.0.2_411/ide/tools/bin/../lib/gcc/arm-none-eabi/5.4.1/../../../../arm-none-eabi/lib/armv6-m\libcr_c.a(fclose.o)
                              f:/mcuxpressoide_10.0.2_411/ide/tools/bin/../lib/gcc/arm-none-eabi/5.4.1/../../../../arm-none-eabi/lib/armv6-m\libcr_c.a(initio.o) (fclose)
f:/mcuxpressoide_10.0.2_411/ide/tools/bin/../lib/gcc/arm-none-eabi/5.4.1/../../../../arm-none-eabi/lib/armv6-m\libcr_c.a(fflush.o)
                              f:/mcuxpressoide_10.0.2_411/ide/tools/bin/../lib/gcc/arm-none-eabi/5.4.1/../../../../arm-none-eabi/lib/armv6-m\libcr_c.a(fclose.o) (fflush)
f:/mcuxpressoide_10.0.2_411/ide/tools/bin/../lib/gcc/arm-none-eabi/5.4.1/../../../../arm-none-eabi/lib/armv6-m\libcr_c.a(fseek.o)
                              f:/mcuxpressoide_10.0.2_411/ide/tools/bin/../lib/gcc/arm-none-eabi/5.4.1/../../../../arm-none-eabi/lib/armv6-m\libcr_c.a(_fdopen.o) (fseek)
f:/mcuxpressoide_10.0.2_411/ide/tools/bin/../lib/gcc/arm-none-eabi/5.4.1/../../../../arm-none-eabi/lib/armv6-m\libcr_c.a(ftell.o)
                              f:/mcuxpressoide_10.0.2_411/ide/tools/bin/../lib/gcc/arm-none-eabi/5.4.1/../../../../arm-none-eabi/lib/armv6-m\libcr_c.a(fseek.o) (ftell)
f:/mcuxpressoide_10.0.2_411/ide/tools/bin/../lib/gcc/arm-none-eabi/5.4.1/../../../../arm-none-eabi/lib/armv6-m\libcr_c.a(remove.o)
                              f:/mcuxpressoide_10.0.2_411/ide/tools/bin/../lib/gcc/arm-none-eabi/5.4.1/../../../../arm-none-eabi/lib/armv6-m\libcr_c.a(fclose.o) (remove)
f:/mcuxpressoide_10.0.2_411/ide/tools/bin/../lib/gcc/arm-none-eabi/5.4.1/../../../../arm-none-eabi/lib/armv6-m\libcr_c.a(strlen.o)
                              f:/mcuxpressoide_10.0.2_411/ide/tools/bin/../lib/gcc/arm-none-eabi/5.4.1/../../../../arm-none-eabi/lib/armv6-m\libcr_c.a(remove.o) (strlen)
f:/mcuxpressoide_10.0.2_411/ide/tools/bin/../lib/gcc/arm-none-eabi/5.4.1/../../../../arm-none-eabi/lib/armv6-m\libcr_c.a(_do_fflush.o)
                              f:/mcuxpressoide_10.0.2_411/ide/tools/bin/../lib/gcc/arm-none-eabi/5.4.1/../../../../arm-none-eabi/lib/armv6-m\libcr_c.a(fflush.o) (_do_fflush)
f:/mcuxpressoide_10.0.2_411/ide/tools/bin/../lib/gcc/arm-none-eabi/5.4.1/../../../../arm-none-eabi/lib/armv6-m\libcr_c.a(_fflush.o)
                              f:/mcuxpressoide_10.0.2_411/ide/tools/bin/../lib/gcc/arm-none-eabi/5.4.1/../../../../arm-none-eabi/lib/armv6-m\libcr_c.a(_do_fflush.o) (_fflush)
f:/mcuxpressoide_10.0.2_411/ide/tools/bin/../lib/gcc/arm-none-eabi/5.4.1/../../../../arm-none-eabi/lib/armv6-m\libcr_c.a(_writebuf.o)
                              f:/mcuxpressoide_10.0.2_411/ide/tools/bin/../lib/gcc/arm-none-eabi/5.4.1/../../../../arm-none-eabi/lib/armv6-m\libcr_c.a(_fflush.o) (_Cwritebuf)
f:/mcuxpressoide_10.0.2_411/ide/tools/bin/../lib/gcc/arm-none-eabi/5.4.1/../../../../arm-none-eabi/lib/armv6-m\libcr_c.a(alloc.o)
                              f:/mcuxpressoide_10.0.2_411/ide/tools/bin/../lib/gcc/arm-none-eabi/5.4.1/../../../../arm-none-eabi/lib/armv6-m\libcr_c.a(fclose.o) (free)
f:/mcuxpressoide_10.0.2_411/ide/tools/bin/../lib/gcc/arm-none-eabi/5.4.1/../../../../arm-none-eabi/lib/armv6-m\libcr_c.a(errno.o)
                              f:/mcuxpressoide_10.0.2_411/ide/tools/bin/../lib/gcc/arm-none-eabi/5.4.1/../../../../arm-none-eabi/lib/armv6-m\libcr_c.a(ftell.o) (errno)
[...]
Memory Configuration

Name             Origin             Length             Attributes
PROGRAM_FLASH    0x00000000         0x00080000         xr
SRAM             0x1fff8000         0x00020000         xrw
*default*        0x00000000         0xffffffff

Linker script and memory map

LOAD ./utilities/fsl_debug_console.o
LOAD ./startup/startup_mkw41z4.o
LOAD ./source/Flash.o
LOAD ./source/LED_FRDM-KW40Z.o
LOAD ./source/Lab1_2.o
LOAD ./source/board.o
LOAD ./source/clock_config.o
LOAD ./source/mtb.o
LOAD ./source/pin_mux.o
LOAD ./freertos/croutine.o
LOAD ./freertos/event_groups.o
LOAD ./freertos/fsl_tickless_lptmr.o
LOAD ./freertos/fsl_tickless_systick.o
LOAD ./freertos/heap_4.o
LOAD ./freertos/list.o
LOAD ./freertos/port.o
LOAD ./freertos/queue.o
LOAD ./freertos/tasks.o
LOAD ./freertos/timers.o
LOAD ./drivers/fsl_clock.o
LOAD ./drivers/fsl_common.o
LOAD ./drivers/fsl_lpuart.o
LOAD ./drivers/fsl_lpuart_freertos.o
LOAD ./CMSIS/system_MKW41Z4.o
START GROUP
LOAD f:/mcuxpressoide_10.0.2_411/ide/tools/bin/../lib/gcc/arm-none-eabi/5.4.1/../../../../arm-none-eabi/lib/armv6-m\libcr_semihost_nf.a
LOAD f:/mcuxpressoide_10.0.2_411/ide/tools/bin/../lib/gcc/arm-none-eabi/5.4.1/../../../../arm-none-eabi/lib/armv6-m\libcr_c.a
LOAD f:/mcuxpressoide_10.0.2_411/ide/tools/bin/../lib/gcc/arm-none-eabi/5.4.1/armv6-m\libcr_eabihelpers.a
END GROUP
                0x00000000                __base_PROGRAM_FLASH = 0x0
                0x00000000                __base_Flash = 0x0
                0x00080000                __top_PROGRAM_FLASH = 0x80000
                0x00080000                __top_Flash = 0x80000
                0x1fff8000                __base_SRAM = 0x1fff8000
                0x1fff8000                __base_RAM = 0x1fff8000
                0x20018000                __top_SRAM = 0x20018000
                0x20018000                __top_RAM = 0x20018000

.text           0x00000000     0x1ffc
 FILL mask 0xff
                0x00000000                __vectors_start__ = ABSOLUTE (.)
 *(.isr_vector)
 .isr_vector    0x00000000       0xc0 ./startup/startup_mkw41z4.o
                0x00000000                g_pfnVectors
                0x00000000                __Vectors
                0x000000c0                . = ALIGN (0x4)
                0x000000c0                __section_table_start = .
                0x000000c0                __data_section_table = .
                0x000000c0        0x4 LONG 0x1ffc LOADADDR (.data)
                0x000000c4        0x4 LONG 0x1fff8080 ADDR (.data)
                0x000000c8        0x4 LONG 0x8 SIZEOF (.data)
                0x000000cc                __data_section_table_end = .
                0x000000cc                __bss_section_table = .
                0x000000cc        0x4 LONG 0x1fff8088 ADDR (.bss)
                0x000000d0        0x4 LONG 0x2a58 SIZEOF (.bss)
                0x000000d4                __bss_section_table_end = .
                0x000000d4                __section_table_end = .
 *(.after_vectors*)
 .after_vectors
                0x000000d4      0x10c ./startup/startup_mkw41z4.o
                0x000000d4                NMI_Handler
                0x000000d6                HardFault_Handler
                0x000000de                DMA0_DriverIRQHandler
                0x000000de                PIT_DriverIRQHandler
                0x000000de                SPI1_DriverIRQHandler
                0x000000de                LPTMR0_DriverIRQHandler
                0x000000de                PORTB_PORTC_DriverIRQHandler
                0x000000de                DMA3_DriverIRQHandler
                0x000000de                I2C0_DriverIRQHandler
                0x000000de                DMA2_DriverIRQHandler
                0x000000de                TRNG0_DriverIRQHandler
                0x000000de                CMP0_DriverIRQHandler
                0x000000de                TPM2_DriverIRQHandler
                0x000000de                Radio_0_DriverIRQHandler
                0x000000de                ADC0_DriverIRQHandler
                0x000000de                SPI0_DriverIRQHandler
                0x000000de                TSI0_DriverIRQHandler
                0x000000de                RTC_Seconds_DriverIRQHandler
                0x000000de                LTC0_DriverIRQHandler
                0x000000de                LLWU_DriverIRQHandler
                0x000000de                MCG_DriverIRQHandler
                0x000000de                I2C1_DriverIRQHandler
                0x000000de                CMT_DriverIRQHandler
                0x000000de                DMA1_DriverIRQHandler
                0x000000de                FTFA_DriverIRQHandler
                0x000000de                IntDefaultHandler
                0x000000de                RTC_DriverIRQHandler
                0x000000de                DAC0_DriverIRQHandler
                0x000000de                TPM0_DriverIRQHandler
                0x000000de                TPM1_DriverIRQHandler
                0x000000de                LVD_LVW_DCDC_DriverIRQHandler
                0x000000de                PORTA_DriverIRQHandler
                0x000000de                Reserved20_DriverIRQHandler
                0x000000de                Radio_1_DriverIRQHandler
                0x000000e0                DMA0_IRQHandler
                0x000000e8                DMA1_IRQHandler
                0x000000f0                DMA2_IRQHandler
                0x000000f8                DMA3_IRQHandler
                0x00000100                Reserved20_IRQHandler
                0x00000108                FTFA_IRQHandler
                0x00000110                LVD_LVW_DCDC_IRQHandler
                0x00000118                LLWU_IRQHandler
                0x00000120                I2C0_IRQHandler
                0x00000128                I2C1_IRQHandler
                0x00000130                SPI0_IRQHandler
                0x00000138                TSI0_IRQHandler
                0x00000140                LPUART0_IRQHandler
                0x00000148                TRNG0_IRQHandler
                0x00000150                CMT_IRQHandler
                0x00000158                ADC0_IRQHandler
                0x00000160                CMP0_IRQHandler
                0x00000168                TPM0_IRQHandler
                0x00000170                TPM1_IRQHandler
                0x00000178                TPM2_IRQHandler
                0x00000180                RTC_IRQHandler
                0x00000188                RTC_Seconds_IRQHandler
                0x00000190                PIT_IRQHandler
                0x00000198                LTC0_IRQHandler
                0x000001a0                Radio_0_IRQHandler
                0x000001a8                DAC0_IRQHandler
                0x000001b0                Radio_1_IRQHandler
                0x000001b8                MCG_IRQHandler
                0x000001c0                LPTMR0_IRQHandler
                0x000001c8                SPI1_IRQHandler
                0x000001d0                PORTA_IRQHandler
                0x000001d8                PORTB_PORTC_IRQHandler
 .after_vectors.init_data
                0x000001e0       0x12 ./startup/startup_mkw41z4.o
                0x000001e0                data_init
 .after_vectors.init_bss
                0x000001f2       0x10 ./startup/startup_mkw41z4.o
                0x000001f2                bss_init
 *fill*         0x00000202        0x2 ff
 .after_vectors.reset
                0x00000204       0x44 ./startup/startup_mkw41z4.o
                0x00000204                ResetISR
                0x00000400                . = 0x400
 *fill*         0x00000248      0x1b8 ff
                0x00000400                PROVIDE (__FLASH_CONFIG_START__, .)
 *(.FlashConfig)
 .FlashConfig   0x00000400       0x10 ./startup/startup_mkw41z4.o
                0x00000400                Flash_Config
                0x00000410                PROVIDE (__FLASH_CONFIG_END__, .)
                0x00000001                ASSERT (! ((__FLASH_CONFIG_START__ == __FLASH_CONFIG_END__)), Linker Flash Config Support Enabled, but no .FlashConfig section provided within application)
 *(.text*)
 .text.led4_task
                0x00000410       0x20 ./source/Flash.o
 .text.led3_task
                0x00000430       0x20 ./source/Flash.o
 .text.startup.main
                0x00000450       0x44 ./source/Flash.o
                0x00000450                main
 .text.LED_Initialize
                0x00000494       0x78 ./source/LED_FRDM-KW40Z.o
                0x00000494                LED_Initialize
 .text.LED_On   0x0000050c       0x20 ./source/LED_FRDM-KW40Z.o
                0x0000050c                LED_On
 .text.LED_Off  0x0000052c       0x20 ./source/LED_FRDM-KW40Z.o
                0x0000052c                LED_Off
 .text.prvSetupTimerInterrupt
                0x0000054c       0x34 ./freertos/fsl_tickless_lptmr.o
                0x0000054c                prvSetupTimerInterrupt
 .text.unlikely.prvInsertBlockIntoFreeList
                0x00000580       0x48 ./freertos/heap_4.o
 .text.pvPortMalloc
                0x000005c8      0x110 ./freertos/heap_4.o
                0x000005c8                pvPortMalloc
 .text.vPortFree
                0x000006d8       0x48 ./freertos/heap_4.o
                0x000006d8                vPortFree
 .text.vListInitialise
                0x00000720       0x16 ./freertos/list.o
                0x00000720                vListInitialise
 .text.vListInitialiseItem
                0x00000736        0x6 ./freertos/list.o
                0x00000736                vListInitialiseItem
 .text.vListInsertEnd
                0x0000073c       0x18 ./freertos/list.o
                0x0000073c                vListInsertEnd
 .text.vListInsert
                0x00000754       0x30 ./freertos/list.o
                0x00000754                vListInsert
 .text.uxListRemove
                0x00000784       0x20 ./freertos/list.o
                0x00000784                uxListRemove
 .text.prvTaskExitError
                0x000007a4       0x14 ./freertos/port.o
 *fill*         0x000007b8        0x8 ff
 .text.vPortStartFirstTask
                0x000007c0       0x34 ./freertos/port.o
 .text.pxPortInitialiseStack
                0x000007f4       0x20 ./freertos/port.o
                0x000007f4                pxPortInitialiseStack
 .text.SVC_Handler
                0x00000814        0x2 ./freertos/port.o
                0x00000814                SVC_Handler
 *fill*         0x00000816        0x2 ff
 .text.xPortStartScheduler
                0x00000818       0x34 ./freertos/port.o
                0x00000818                xPortStartScheduler
 .text.vPortYield
                0x0000084c       0x18 ./freertos/port.o
                0x0000084c                vPortYield
 .text.vPortEnterCritical
                0x00000864       0x18 ./freertos/port.o
                0x00000864                vPortEnterCritical
 .text.vPortExitCritical
                0x0000087c       0x1c ./freertos/port.o
                0x0000087c                vPortExitCritical
 .text.ulSetInterruptMaskFromISR
                0x00000898        0xa ./freertos/port.o
                0x00000898                ulSetInterruptMaskFromISR
 .text.vClearInterruptMaskFromISR
                0x000008a2        0x6 ./freertos/port.o
                0x000008a2                vClearInterruptMaskFromISR
 *fill*         0x000008a8        0x8 ff
 .text.PendSV_Handler
                0x000008b0       0x44 ./freertos/port.o
                0x000008b0                PendSV_Handler
 .text.SysTick_Handler
                0x000008f4       0x24 ./freertos/port.o
                0x000008f4                SysTick_Handler
 .text.unlikely.prvCopyDataToQueue
                0x00000918       0x70 ./freertos/queue.o
 .text.unlikely.prvCopyDataFromQueue
                0x00000988       0x24 ./freertos/queue.o
 .text.prvUnlockQueue
                0x000009ac       0x6a ./freertos/queue.o
 .text.xQueueGenericReset
                0x00000a16       0x68 ./freertos/queue.o
                0x00000a16                xQueueGenericReset
 .text.xQueueGenericCreate
                0x00000a7e       0x42 ./freertos/queue.o
                0x00000a7e                xQueueGenericCreate
 .text.xQueueGenericSend
                0x00000ac0      0x122 ./freertos/queue.o
                0x00000ac0                xQueueGenericSend
 .text.xQueueGenericSendFromISR
                0x00000be2       0x90 ./freertos/queue.o
                0x00000be2                xQueueGenericSendFromISR
 .text.xQueueGenericReceive
                0x00000c72      0x150 ./freertos/queue.o
                0x00000c72                xQueueGenericReceive
 *fill*         0x00000dc2        0x2 ff
 .text.vQueueAddToRegistry
                0x00000dc4       0x24 ./freertos/queue.o
                0x00000dc4                vQueueAddToRegistry
 .text.vQueueWaitForMessageRestricted
                0x00000de8       0x4a ./freertos/queue.o
                0x00000de8                vQueueWaitForMessageRestricted
 *fill*         0x00000e32        0x2 ff
 .text.prvResetNextTaskUnblockTime
                0x00000e34       0x28 ./freertos/tasks.o
 .text.prvAddCurrentTaskToDelayedList
                0x00000e5c       0x74 ./freertos/tasks.o
 .text.xTaskCreate
                0x00000ed0      0x19c ./freertos/tasks.o
                0x00000ed0                xTaskCreate
 .text.vTaskStartScheduler
                0x0000106c       0x5c ./freertos/tasks.o
                0x0000106c                vTaskStartScheduler
 .text.vTaskSuspendAll
                0x000010c8       0x10 ./freertos/tasks.o
                0x000010c8                vTaskSuspendAll
 .text.xTaskGetTickCount
                0x000010d8        0xc ./freertos/tasks.o
                0x000010d8                xTaskGetTickCount
 .text.xTaskIncrementTick
                0x000010e4       0xec ./freertos/tasks.o
                0x000010e4                xTaskIncrementTick
 .text.xTaskResumeAll
                0x000011d0       0xd4 ./freertos/tasks.o
                0x000011d0                xTaskResumeAll
 .text.vTaskDelay
                0x000012a4       0x34 ./freertos/tasks.o
                0x000012a4                vTaskDelay
 .text.prvIdleTask
                0x000012d8       0x68 ./freertos/tasks.o
 .text.vTaskSwitchContext
                0x00001340       0x70 ./freertos/tasks.o
                0x00001340                vTaskSwitchContext
 .text.vTaskPlaceOnEventList
                0x000013b0       0x24 ./freertos/tasks.o
                0x000013b0                vTaskPlaceOnEventList
 .text.vTaskPlaceOnEventListRestricted
                0x000013d4       0x30 ./freertos/tasks.o
                0x000013d4                vTaskPlaceOnEventListRestricted
 .text.xTaskRemoveFromEventList
                0x00001404       0x78 ./freertos/tasks.o
                0x00001404                xTaskRemoveFromEventList
 .text.vTaskSetTimeOutState
                0x0000147c       0x20 ./freertos/tasks.o
                0x0000147c                vTaskSetTimeOutState
 .text.xTaskCheckForTimeOut
                0x0000149c       0x60 ./freertos/tasks.o
                0x0000149c                xTaskCheckForTimeOut
 .text.vTaskMissedYield
                0x000014fc        0xc ./freertos/tasks.o
                0x000014fc                vTaskMissedYield
 .text.xTaskGetSchedulerState
                0x00001508       0x20 ./freertos/tasks.o
                0x00001508                xTaskGetSchedulerState
 .text.vTaskPriorityInherit
                0x00001528       0x6c ./freertos/tasks.o
                0x00001528                vTaskPriorityInherit
 .text.xTaskPriorityDisinherit
                0x00001594       0x6c ./freertos/tasks.o
                0x00001594                xTaskPriorityDisinherit
 .text.pvTaskIncrementMutexHeldCount
                0x00001600       0x18 ./freertos/tasks.o
                0x00001600                pvTaskIncrementMutexHeldCount
 .text.prvCheckForValidListAndQueue
                0x00001618       0x5c ./freertos/timers.o
 .text.prvInsertTimerInActiveList
                0x00001674       0x3c ./freertos/timers.o
 .text.xTimerCreateTimerTask
                0x000016b0       0x3c ./freertos/timers.o
                0x000016b0                xTimerCreateTimerTask
 .text.xTimerGenericCommand
                0x000016ec       0x50 ./freertos/timers.o
                0x000016ec                xTimerGenericCommand
 .text.prvSwitchTimerLists
                0x0000173c       0x64 ./freertos/timers.o
 .text.prvTimerTask
                0x000017a0      0x194 ./freertos/timers.o
 .text.LPUART0_DriverIRQHandler
                0x00001934       0x1c ./drivers/fsl_lpuart.o
                0x00001934                LPUART0_DriverIRQHandler
 .text.SystemInit
                0x00001950       0x10 ./CMSIS/system_MKW41Z4.o
                0x00001950                SystemInit
 .text.__main   0x00001960        0xc f:/mcuxpressoide_10.0.2_411/ide/tools/bin/../lib/gcc/arm-none-eabi/5.4.1/../../../../arm-none-eabi/lib/armv6-m\libcr_semihost_nf.a(_cr__main.o)
                0x00001960                __CR_SEMIHOST
                0x00001960                __main
 .text.memcpy   0x0000196c        0x8 f:/mcuxpressoide_10.0.2_411/ide/tools/bin/../lib/gcc/arm-none-eabi/5.4.1/../../../../arm-none-eabi/lib/armv6-m\libcr_c.a(memcpy.o)
                0x0000196c                memcpy
 .text.memset   0x00001974        0x8 f:/mcuxpressoide_10.0.2_411/ide/tools/bin/../lib/gcc/arm-none-eabi/5.4.1/../../../../arm-none-eabi/lib/armv6-m\libcr_c.a(memset.o)
                0x00001974                memset
 .text._initio  0x0000197c       0x7c f:/mcuxpressoide_10.0.2_411/ide/tools/bin/../lib/gcc/arm-none-eabi/5.4.1/../../../../arm-none-eabi/lib/armv6-m\libcr_c.a(initio.o)
                0x0000197c                _initio
 .text.setvbuf  0x000019f8       0x4c f:/mcuxpressoide_10.0.2_411/ide/tools/bin/../lib/gcc/arm-none-eabi/5.4.1/../../../../arm-none-eabi/lib/armv6-m\libcr_c.a(setvbuf.o)
                0x000019f8                setvbuf
 .text._fdopen  0x00001a44       0x74 f:/mcuxpressoide_10.0.2_411/ide/tools/bin/../lib/gcc/arm-none-eabi/5.4.1/../../../../arm-none-eabi/lib/armv6-m\libcr_c.a(_fdopen.o)
                0x00001a44                _fdopen
 .text.fclose   0x00001ab8       0x5c f:/mcuxpressoide_10.0.2_411/ide/tools/bin/../lib/gcc/arm-none-eabi/5.4.1/../../../../arm-none-eabi/lib/armv6-m\libcr_c.a(fclose.o)
                0x00001ab8                fclose
 .text.fflush   0x00001b14       0x44 f:/mcuxpressoide_10.0.2_411/ide/tools/bin/../lib/gcc/arm-none-eabi/5.4.1/../../../../arm-none-eabi/lib/armv6-m\libcr_c.a(fflush.o)
                0x00001b14                fflush
 .text.fseek    0x00001b58       0xf0 f:/mcuxpressoide_10.0.2_411/ide/tools/bin/../lib/gcc/arm-none-eabi/5.4.1/../../../../arm-none-eabi/lib/armv6-m\libcr_c.a(fseek.o)
                0x00001b58                fseek
 .text.ftell    0x00001c48       0x48 f:/mcuxpressoide_10.0.2_411/ide/tools/bin/../lib/gcc/arm-none-eabi/5.4.1/../../../../arm-none-eabi/lib/armv6-m\libcr_c.a(ftell.o)
                0x00001c48                ftell
 .text.remove   0x00001c90       0x12 f:/mcuxpressoide_10.0.2_411/ide/tools/bin/../lib/gcc/arm-none-eabi/5.4.1/../../../../arm-none-eabi/lib/armv6-m\libcr_c.a(remove.o)
                0x00001c90                remove
 *fill*         0x00001ca2        0x2 ff
 .text.strlen   0x00001ca4       0x54 f:/mcuxpressoide_10.0.2_411/ide/tools/bin/../lib/gcc/arm-none-eabi/5.4.1/../../../../arm-none-eabi/lib/armv6-m\libcr_c.a(strlen.o)
                0x00001ca4                strlen
 .text._do_fflush
                0x00001cf8       0x48 f:/mcuxpressoide_10.0.2_411/ide/tools/bin/../lib/gcc/arm-none-eabi/5.4.1/../../../../arm-none-eabi/lib/armv6-m\libcr_c.a(_do_fflush.o)
                0x00001cf8                _do_fflush
 .text._fflush  0x00001d40       0x60 f:/mcuxpressoide_10.0.2_411/ide/tools/bin/../lib/gcc/arm-none-eabi/5.4.1/../../../../arm-none-eabi/lib/armv6-m\libcr_c.a(_fflush.o)
                0x00001d40                _fflush
 .text._Cwritebuf
                0x00001da0       0x6c f:/mcuxpressoide_10.0.2_411/ide/tools/bin/../lib/gcc/arm-none-eabi/5.4.1/../../../../arm-none-eabi/lib/armv6-m\libcr_c.a(_writebuf.o)
                0x00001da0                _Cwritebuf
 .text.free     0x00001e0c       0x2e f:/mcuxpressoide_10.0.2_411/ide/tools/bin/../lib/gcc/arm-none-eabi/5.4.1/../../../../arm-none-eabi/lib/armv6-m\libcr_c.a(alloc.o)
                0x00001e0c                free
 *fill*         0x00001e3a        0x2 ff
 .text._deferredlazyseek
                0x00001e3c       0x40 f:/mcuxpressoide_10.0.2_411/ide/tools/bin/../lib/gcc/arm-none-eabi/5.4.1/../../../../arm-none-eabi/lib/armv6-m\libcr_c.a(_deferredlazyseek.o)
                0x00001e3c                _deferredlazyseek
 .text.__aeabi_division_idivmod
                0x00001e7c       0x78 f:/mcuxpressoide_10.0.2_411/ide/tools/bin/../lib/gcc/arm-none-eabi/5.4.1/armv6-m\libcr_eabihelpers.a(division_32.o)
                0x00001e7c                __aeabi_idivmod
                0x00001e7c                __aeabi_idiv
                0x00001e82                __aeabi_uidivmod
                0x00001e82                __aeabi_uidiv
 .text.__aeabi_division_idiv0
                0x00001ef4        0x2 f:/mcuxpressoide_10.0.2_411/ide/tools/bin/../lib/gcc/arm-none-eabi/5.4.1/armv6-m\libcr_eabihelpers.a(division_idiv0.o)
                0x00001ef4                __aeabi_idiv0
 .text.__aeabi_memcpy
                0x00001ef6       0x2c f:/mcuxpressoide_10.0.2_411/ide/tools/bin/../lib/gcc/arm-none-eabi/5.4.1/armv6-m\libcr_eabihelpers.a(memcpy.o)
                0x00001ef6                __aeabi_memcpy4
                0x00001ef6                __aeabi_memcpy8
                0x00001ef6                __aeabi_memcpy
 .text.__aeabi_memset_lowlevel
                0x00001f22       0x2a f:/mcuxpressoide_10.0.2_411/ide/tools/bin/../lib/gcc/arm-none-eabi/5.4.1/armv6-m\libcr_eabihelpers.a(memcpy.o)
                0x00001f22                __aeabi_lowlevel_memset
 .text.__sys_close
                0x00001f4c        0xc f:/mcuxpressoide_10.0.2_411/ide/tools/bin/../lib/gcc/arm-none-eabi/5.4.1/../../../../arm-none-eabi/lib/armv6-m\libcr_semihost_nf.a(__sys_close.o)
                0x00001f4c                __sys_close
 .text.__sys_flen
                0x00001f58        0xc f:/mcuxpressoide_10.0.2_411/ide/tools/bin/../lib/gcc/arm-none-eabi/5.4.1/../../../../arm-none-eabi/lib/armv6-m\libcr_semihost_nf.a(__sys_flen.o)
                0x00001f58                __sys_flen
 .text.__sys_istty
                0x00001f64        0xc f:/mcuxpressoide_10.0.2_411/ide/tools/bin/../lib/gcc/arm-none-eabi/5.4.1/../../../../arm-none-eabi/lib/armv6-m\libcr_semihost_nf.a(__sys_istty.o)
                0x00001f64                __sys_istty
 .text.__sys_remove
                0x00001f70        0xc f:/mcuxpressoide_10.0.2_411/ide/tools/bin/../lib/gcc/arm-none-eabi/5.4.1/../../../../arm-none-eabi/lib/armv6-m\libcr_semihost_nf.a(__sys_remove.o)
                0x00001f70                __sys_remove
 .text.__sys_seek
                0x00001f7c        0xc f:/mcuxpressoide_10.0.2_411/ide/tools/bin/../lib/gcc/arm-none-eabi/5.4.1/../../../../arm-none-eabi/lib/armv6-m\libcr_semihost_nf.a(__sys_seek.o)
                0x00001f7c                __sys_seek
 .text.__sys_tmpnam
                0x00001f88        0xc f:/mcuxpressoide_10.0.2_411/ide/tools/bin/../lib/gcc/arm-none-eabi/5.4.1/../../../../arm-none-eabi/lib/armv6-m\libcr_semihost_nf.a(__sys_tmpnam.o)
                0x00001f88                __sys_tmpnam
 .text.__sys_write
                0x00001f94        0xc f:/mcuxpressoide_10.0.2_411/ide/tools/bin/../lib/gcc/arm-none-eabi/5.4.1/../../../../arm-none-eabi/lib/armv6-m\libcr_semihost_nf.a(__sys_write.o)
                0x00001f94                __sys_write
 *(.rodata .rodata.* .constdata .constdata.*)
 .rodata.str1.1
                0x00001fa0        0xe ./source/Flash.o
 *fill*         0x00001fae        0x2 ff
 .rodata.led_gpio
                0x00001fb0       0x10 ./source/LED_FRDM-KW40Z.o
                0x00001fb0                led_gpio
 .rodata.led_pin
                0x00001fc0       0x10 ./source/LED_FRDM-KW40Z.o
                0x00001fc0                led_pin
 .rodata.led_port
                0x00001fd0       0x10 ./source/LED_FRDM-KW40Z.o
                0x00001fd0                led_port
 .rodata.str1.1
                0x00001fe0        0x5 ./freertos/tasks.o
 .rodata.str1.1
                0x00001fe5        0xd ./freertos/timers.o
 .rodata.str1.1
                0x00001ff2        0x4 f:/mcuxpressoide_10.0.2_411/ide/tools/bin/../lib/gcc/arm-none-eabi/5.4.1/../../../../arm-none-eabi/lib/armv6-m\libcr_c.a(initio.o)
 *fill*         0x00001ff6        0x2 ff
 .rodata.__num_Ciob_streams
                0x00001ff8        0x4 f:/mcuxpressoide_10.0.2_411/ide/tools/bin/../lib/gcc/arm-none-eabi/5.4.1/../../../../arm-none-eabi/lib/armv6-m\libcr_semihost_nf.a(__ciob.o)
                0x00001ff8                __num_Ciob_streams
                0x00001ffc                . = ALIGN (0x4)

.glue_7         0x00001ffc        0x0
 .glue_7        0x00001ffc        0x0 linker stubs

.glue_7t        0x00001ffc        0x0
 .glue_7t       0x00001ffc        0x0 linker stubs

.vfp11_veneer   0x00001ffc        0x0
 .vfp11_veneer  0x00001ffc        0x0 linker stubs

.v4_bx          0x00001ffc        0x0
 .v4_bx         0x00001ffc        0x0 linker stubs

.iplt           0x00001ffc        0x0
 .iplt          0x00001ffc        0x0 ./utilities/fsl_debug_console.o

.rel.dyn        0x00001ffc        0x0
 .rel.iplt      0x00001ffc        0x0 ./utilities/fsl_debug_console.o

.ARM.extab
 *(.ARM.extab* .gnu.linkonce.armextab.*)
                0x00001ffc                __exidx_start = .

.ARM.exidx
 *(.ARM.exidx* .gnu.linkonce.armexidx.*)
                0x00001ffc                __exidx_end = .
                0x00001ffc                _etext = .

.mtb_buffer_default
                0x1fff8000       0x80
 *(.mtb*)
 .mtb.$RAM1     0x1fff8000       0x80 ./source/mtb.o
                0x1fff8000                __mtb_buffer__

.uninit_RESERVED
                0x1fff8080        0x0
 *(.bss.$RESERVED*)
                0x1fff8080                . = ALIGN (0x4)
                0x1fff8080                _end_uninit_RESERVED = .

.data           0x1fff8080        0x8 load address 0x00001ffc
 FILL mask 0xff
                0x1fff8080                _data = .
 *(vtable)
 *(.ramfunc*)
 *(.data*)
 .data.uxCriticalNesting
                0x1fff8080        0x4 ./freertos/port.o
 .data.SystemCoreClock
                0x1fff8084        0x4 ./CMSIS/system_MKW41Z4.o
                0x1fff8084                SystemCoreClock
                0x1fff8088                . = ALIGN (0x4)
                0x1fff8088                _edata = .

.igot.plt       0x1fff8088        0x0 load address 0x00002004
 .igot.plt      0x1fff8088        0x0 ./utilities/fsl_debug_console.o

.bss            0x1fff8088     0x2a58 load address 0x00002004
                0x1fff8088                _bss = .
 *(.bss*)
 .bss.xFreeBytesRemaining
                0x1fff8088        0x4 ./freertos/heap_4.o
 .bss.pxEnd     0x1fff808c        0x4 ./freertos/heap_4.o
 .bss.xStart    0x1fff8090        0x8 ./freertos/heap_4.o
 .bss.ucHeap    0x1fff8098     0x2800 ./freertos/heap_4.o
 .bss.xBlockAllocatedBit
                0x1fffa898        0x4 ./freertos/heap_4.o
 .bss.xMinimumEverFreeBytesRemaining
                0x1fffa89c        0x4 ./freertos/heap_4.o
 .bss.xQueueRegistry
                0x1fffa8a0       0x40 ./freertos/queue.o
                0x1fffa8a0                xQueueRegistry
 .bss.xNumOfOverflows
                0x1fffa8e0        0x4 ./freertos/tasks.o
 .bss.pxDelayedTaskList
                0x1fffa8e4        0x4 ./freertos/tasks.o
 .bss.xSchedulerRunning
                0x1fffa8e8        0x4 ./freertos/tasks.o
 .bss.uxSchedulerSuspended
                0x1fffa8ec        0x4 ./freertos/tasks.o
 .bss.xDelayedTaskList1
                0x1fffa8f0       0x14 ./freertos/tasks.o
 .bss.pxOverflowDelayedTaskList
                0x1fffa904        0x4 ./freertos/tasks.o
 .bss.uxPendedTicks
                0x1fffa908        0x4 ./freertos/tasks.o
 .bss.pxReadyTasksLists
                0x1fffa90c       0x64 ./freertos/tasks.o
 .bss.xTasksWaitingTermination
                0x1fffa970       0x14 ./freertos/tasks.o
 .bss.uxDeletedTasksWaitingCleanUp
                0x1fffa984        0x4 ./freertos/tasks.o
 .bss.pxCurrentTCB
                0x1fffa988        0x4 ./freertos/tasks.o
                0x1fffa988                pxCurrentTCB
 .bss.xPendingReadyList
                0x1fffa98c       0x14 ./freertos/tasks.o
 .bss.xTickCount
                0x1fffa9a0        0x4 ./freertos/tasks.o
 .bss.xNextTaskUnblockTime
                0x1fffa9a4        0x4 ./freertos/tasks.o
 .bss.uxTaskNumber
                0x1fffa9a8        0x4 ./freertos/tasks.o
 .bss.uxCurrentNumberOfTasks
                0x1fffa9ac        0x4 ./freertos/tasks.o
 .bss.xDelayedTaskList2
                0x1fffa9b0       0x14 ./freertos/tasks.o
 .bss.xIdleTaskHandle
                0x1fffa9c4        0x4 ./freertos/tasks.o
 .bss.xSuspendedTaskList
                0x1fffa9c8       0x14 ./freertos/tasks.o
 .bss.uxTopReadyPriority
                0x1fffa9dc        0x4 ./freertos/tasks.o
 .bss.xYieldPending
                0x1fffa9e0        0x4 ./freertos/tasks.o
 .bss.pxCurrentTimerList
                0x1fffa9e4        0x4 ./freertos/timers.o
 .bss.xActiveTimerList1
                0x1fffa9e8       0x14 ./freertos/timers.o
 .bss.xActiveTimerList2
                0x1fffa9fc       0x14 ./freertos/timers.o
 .bss.xLastTime.4598
                0x1fffaa10        0x4 ./freertos/timers.o
 .bss.xTimerQueue
                0x1fffaa14        0x4 ./freertos/timers.o
 .bss.pxOverflowTimerList
                0x1fffaa18        0x4 ./freertos/timers.o
 .bss.xTimerTaskHandle
                0x1fffaa1c        0x4 ./freertos/timers.o
 .bss.s_lpuartHandle
                0x1fffaa20        0x4 ./drivers/fsl_lpuart.o
 .bss.s_lpuartIsr
                0x1fffaa24        0x4 ./drivers/fsl_lpuart.o
 .bss.errno     0x1fffaa28        0x4 f:/mcuxpressoide_10.0.2_411/ide/tools/bin/../lib/gcc/arm-none-eabi/5.4.1/../../../../arm-none-eabi/lib/armv6-m\libcr_c.a(errno.o)
                0x1fffaa28                errno
 .bss.__Ciob    0x1fffaa2c       0xb4 f:/mcuxpressoide_10.0.2_411/ide/tools/bin/../lib/gcc/arm-none-eabi/5.4.1/../../../../arm-none-eabi/lib/armv6-m\libcr_semihost_nf.a(__ciob.o)
                0x1fffaa2c                __Ciob
 *(COMMON)
                0x1fffaae0                . = ALIGN (0x4)
                0x1fffaae0                _ebss = .
                [!provide]                PROVIDE (end, .)

.noinit         0x1fffaae0        0x0 load address 0x00002004
                0x1fffaae0                _noinit = .
 *(.noinit*)
                0x1fffaae0                . = ALIGN (0x4)
                0x1fffaae0                _end_noinit = .

.heap           0x1fffaae0     0x1000 load address 0x00002004
                0x1fffaae0                _pvHeapStart = .
                0x1fffbae0                . = (. + 0x1000)
 *fill*         0x1fffaae0     0x1000 
                0x1fffbae0                . = ALIGN (0x4)
                0x1fffbae0                _pvHeapLimit = .

.heap2stackfill
                0x1fffbae0     0x1000 load address 0x00002004
                0x1fffcae0                . = (. + 0x1000)
 *fill*         0x1fffbae0     0x1000 

.stack          0x20017000        0x0
                0x20017000                _vStackBase = .
                0x20017000                . = ALIGN (0x4)
                0x20018000                _vStackTop = (. + 0x1000)
OUTPUT(Lab1_2.axf elf32-littlearm)

.debug_info     0x00000000     0x7cb8
 .debug_info    0x00000000      0x633 ./startup/startup_mkw41z4.o
 .debug_info    0x00000633      0x26c ./source/Flash.o
 .debug_info    0x0000089f      0x4e3 ./source/LED_FRDM-KW40Z.o
 .debug_info    0x00000d82       0x4d ./source/mtb.o
 .debug_info    0x00000dcf       0xb3 ./freertos/fsl_tickless_lptmr.o
 .debug_info    0x00000e82      0x36c ./freertos/heap_4.o
 .debug_info    0x000011ee      0x28f ./freertos/list.o
 .debug_info    0x0000147d      0x280 ./freertos/port.o
 .debug_info    0x000016fd     0x1593 ./freertos/queue.o
 .debug_info    0x00002c90     0x2315 ./freertos/tasks.o
 .debug_info    0x00004fa5     0x10ef ./freertos/timers.o
 .debug_info    0x00006094     0x1883 ./drivers/fsl_lpuart.o
 .debug_info    0x00007917      0x3a1 ./CMSIS/system_MKW41Z4.o

.debug_abbrev   0x00000000     0x15c4
 .debug_abbrev  0x00000000      0x12e ./startup/startup_mkw41z4.o
 .debug_abbrev  0x0000012e       0xd8 ./source/Flash.o
 .debug_abbrev  0x00000206      0x183 ./source/LED_FRDM-KW40Z.o
 .debug_abbrev  0x00000389       0x3e ./source/mtb.o
 .debug_abbrev  0x000003c7       0x60 ./freertos/fsl_tickless_lptmr.o
 .debug_abbrev  0x00000427      0x1ec ./freertos/heap_4.o
 .debug_abbrev  0x00000613       0xdc ./freertos/list.o
 .debug_abbrev  0x000006ef      0x1b4 ./freertos/port.o
 .debug_abbrev  0x000008a3      0x255 ./freertos/queue.o
 .debug_abbrev  0x00000af8      0x320 ./freertos/tasks.o
 .debug_abbrev  0x00000e18      0x296 ./freertos/timers.o
 .debug_abbrev  0x000010ae      0x410 ./drivers/fsl_lpuart.o
 .debug_abbrev  0x000014be      0x106 ./CMSIS/system_MKW41Z4.o

.debug_loc      0x00000000     0x4b8b
 .debug_loc     0x00000000      0x1d4 ./startup/startup_mkw41z4.o
 .debug_loc     0x000001d4       0x42 ./source/Flash.o
 .debug_loc     0x00000216       0xf9 ./source/LED_FRDM-KW40Z.o
 .debug_loc     0x0000030f      0x2df ./freertos/heap_4.o
 .debug_loc     0x000005ee       0x89 ./freertos/list.o
 .debug_loc     0x00000677       0xb4 ./freertos/port.o
 .debug_loc     0x0000072b     0x1282 ./freertos/queue.o
 .debug_loc     0x000019ad     0x17e0 ./freertos/tasks.o
 .debug_loc     0x0000318d      0x9dd ./freertos/timers.o
 .debug_loc     0x00003b6a      0xf82 ./drivers/fsl_lpuart.o
 .debug_loc     0x00004aec       0x9f ./CMSIS/system_MKW41Z4.o

.debug_aranges  0x00000000      0x760
 .debug_aranges
                0x00000000      0x160 ./startup/startup_mkw41z4.o
 .debug_aranges
                0x00000160       0x30 ./source/Flash.o
 .debug_aranges
                0x00000190       0x48 ./source/LED_FRDM-KW40Z.o
 .debug_aranges
                0x000001d8       0x18 ./source/mtb.o
 .debug_aranges
                0x000001f0       0x20 ./freertos/fsl_tickless_lptmr.o
 .debug_aranges
                0x00000210       0x48 ./freertos/heap_4.o
 .debug_aranges
                0x00000258       0x40 ./freertos/list.o
 .debug_aranges
                0x00000298       0x80 ./freertos/port.o
 .debug_aranges
                0x00000318       0xf8 ./freertos/queue.o
 .debug_aranges
                0x00000410      0x1b0 ./freertos/tasks.o
 .debug_aranges
                0x000005c0       0x98 ./freertos/timers.o
 .debug_aranges
                0x00000658       0xe0 ./drivers/fsl_lpuart.o
 .debug_aranges
                0x00000738       0x28 ./CMSIS/system_MKW41Z4.o

.debug_ranges   0x00000000      0x830
 .debug_ranges  0x00000000      0x150 ./startup/startup_mkw41z4.o
 .debug_ranges  0x00000150       0x20 ./source/Flash.o
 .debug_ranges  0x00000170       0x38 ./source/LED_FRDM-KW40Z.o
 .debug_ranges  0x000001a8       0x10 ./freertos/fsl_tickless_lptmr.o
 .debug_ranges  0x000001b8       0x38 ./freertos/heap_4.o
 .debug_ranges  0x000001f0       0x30 ./freertos/list.o
 .debug_ranges  0x00000220       0x70 ./freertos/port.o
 .debug_ranges  0x00000290      0x160 ./freertos/queue.o
 .debug_ranges  0x000003f0      0x2a0 ./freertos/tasks.o
 .debug_ranges  0x00000690       0x88 ./freertos/timers.o
 .debug_ranges  0x00000718      0x100 ./drivers/fsl_lpuart.o
 .debug_ranges  0x00000818       0x18 ./CMSIS/system_MKW41Z4.o

.debug_line     0x00000000     0x2419
 .debug_line    0x00000000      0x115 ./startup/startup_mkw41z4.o
 .debug_line    0x00000115      0x114 ./source/Flash.o
 .debug_line    0x00000229      0x145 ./source/LED_FRDM-KW40Z.o
 .debug_line    0x0000036e       0x30 ./source/mtb.o
 .debug_line    0x0000039e       0xb1 ./freertos/fsl_tickless_lptmr.o
 .debug_line    0x0000044f      0x1e1 ./freertos/heap_4.o
 .debug_line    0x00000630      0x12b ./freertos/list.o
 .debug_line    0x0000075b      0x1cd ./freertos/port.o
 .debug_line    0x00000928      0x651 ./freertos/queue.o
 .debug_line    0x00000f79      0xb2e ./freertos/tasks.o
 .debug_line    0x00001aa7      0x337 ./freertos/timers.o
 .debug_line    0x00001dde      0x557 ./drivers/fsl_lpuart.o
 .debug_line    0x00002335       0xe4 ./CMSIS/system_MKW41Z4.o

.debug_str      0x00000000     0x36be
 .debug_str     0x00000000      0x46c ./startup/startup_mkw41z4.o
                                0x48e (size before relaxing)
 .debug_str     0x0000046c       0xf3 ./source/Flash.o
                                0x215 (size before relaxing)
 .debug_str     0x0000055f      0x17c ./source/LED_FRDM-KW40Z.o
                                0x308 (size before relaxing)
 .debug_str     0x000006db       0x1f ./source/mtb.o
                                0x108 (size before relaxing)
 .debug_str     0x000006fa       0x48 ./freertos/fsl_tickless_lptmr.o
                                0x1d0 (size before relaxing)
 .debug_str     0x00000742      0x1f9 ./freertos/heap_4.o
                                0x375 (size before relaxing)
 .debug_str     0x0000093b      0x125 ./freertos/list.o
                                0x2ca (size before relaxing)
 .debug_str     0x00000a60      0x143 ./freertos/port.o
                                0x326 (size before relaxing)
 .debug_str     0x00000ba3      0x672 ./freertos/queue.o
                                0x9a4 (size before relaxing)
 .debug_str     0x00001215      0xa85 ./freertos/tasks.o
                               0x1051 (size before relaxing)
 .debug_str     0x00001c9a      0x4d9 ./freertos/timers.o
                                0x90b (size before relaxing)
 .debug_str     0x00002173     0x14f2 ./drivers/fsl_lpuart.o
                               0x16b7 (size before relaxing)
 .debug_str     0x00003665       0x59 ./CMSIS/system_MKW41Z4.o
                                0x2b8 (size before relaxing)

.comment        0x00000000       0x6e
 .comment       0x00000000       0x6e ./startup/startup_mkw41z4.o
                                 0x6f (size before relaxing)
 .comment       0x0000006e       0x6f ./source/Flash.o
 .comment       0x0000006e       0x6f ./source/LED_FRDM-KW40Z.o
 .comment       0x0000006e       0x6f ./source/mtb.o
 .comment       0x0000006e       0x6f ./freertos/fsl_tickless_lptmr.o
 .comment       0x0000006e       0x6f ./freertos/heap_4.o
 .comment       0x0000006e       0x6f ./freertos/list.o
 .comment       0x0000006e       0x6f ./freertos/port.o
 .comment       0x0000006e       0x6f ./freertos/queue.o
 .comment       0x0000006e       0x6f ./freertos/tasks.o
 .comment       0x0000006e       0x6f ./freertos/timers.o
 .comment       0x0000006e       0x6f ./drivers/fsl_lpuart.o
 .comment       0x0000006e       0x6f ./CMSIS/system_MKW41Z4.o
 .comment       0x0000006e       0x6f f:/mcuxpressoide_10.0.2_411/ide/tools/bin/../lib/gcc/arm-none-eabi/5.4.1/../../../../arm-none-eabi/lib/armv6-m\libcr_semihost_nf.a(_cr__main.o)
 .comment       0x0000006e       0x6f f:/mcuxpressoide_10.0.2_411/ide/tools/bin/../lib/gcc/arm-none-eabi/5.4.1/../../../../arm-none-eabi/lib/armv6-m\libcr_c.a(memcpy.o)
 .comment       0x0000006e       0x6f f:/mcuxpressoide_10.0.2_411/ide/tools/bin/../lib/gcc/arm-none-eabi/5.4.1/../../../../arm-none-eabi/lib/armv6-m\libcr_c.a(memset.o)
 .comment       0x0000006e       0x6f f:/mcuxpressoide_10.0.2_411/ide/tools/bin/../lib/gcc/arm-none-eabi/5.4.1/../../../../arm-none-eabi/lib/armv6-m\libcr_c.a(initio.o)
 .comment       0x0000006e       0x6f f:/mcuxpressoide_10.0.2_411/ide/tools/bin/../lib/gcc/arm-none-eabi/5.4.1/../../../../arm-none-eabi/lib/armv6-m\libcr_c.a(setvbuf.o)
 .comment       0x0000006e       0x6f f:/mcuxpressoide_10.0.2_411/ide/tools/bin/../lib/gcc/arm-none-eabi/5.4.1/../../../../arm-none-eabi/lib/armv6-m\libcr_c.a(_fdopen.o)
 .comment       0x0000006e       0x6f f:/mcuxpressoide_10.0.2_411/ide/tools/bin/../lib/gcc/arm-none-eabi/5.4.1/../../../../arm-none-eabi/lib/armv6-m\libcr_c.a(fclose.o)
 .comment       0x0000006e       0x6f f:/mcuxpressoide_10.0.2_411/ide/tools/bin/../lib/gcc/arm-none-eabi/5.4.1/../../../../arm-none-eabi/lib/armv6-m\libcr_c.a(fflush.o)
 .comment       0x0000006e       0x6f f:/mcuxpressoide_10.0.2_411/ide/tools/bin/../lib/gcc/arm-none-eabi/5.4.1/../../../../arm-none-eabi/lib/armv6-m\libcr_c.a(fseek.o)
 .comment       0x0000006e       0x6f f:/mcuxpressoide_10.0.2_411/ide/tools/bin/../lib/gcc/arm-none-eabi/5.4.1/../../../../arm-none-eabi/lib/armv6-m\libcr_c.a(ftell.o)
 .comment       0x0000006e       0x6f f:/mcuxpressoide_10.0.2_411/ide/tools/bin/../lib/gcc/arm-none-eabi/5.4.1/../../../../arm-none-eabi/lib/armv6-m\libcr_c.a(remove.o)
 .comment       0x0000006e       0x6f f:/mcuxpressoide_10.0.2_411/ide/tools/bin/../lib/gcc/arm-none-eabi/5.4.1/../../../../arm-none-eabi/lib/armv6-m\libcr_c.a(strlen.o)
 .comment       0x0000006e       0x6f f:/mcuxpressoide_10.0.2_411/ide/tools/bin/../lib/gcc/arm-none-eabi/5.4.1/../../../../arm-none-eabi/lib/armv6-m\libcr_c.a(_do_fflush.o)
 .comment       0x0000006e       0x6f f:/mcuxpressoide_10.0.2_411/ide/tools/bin/../lib/gcc/arm-none-eabi/5.4.1/../../../../arm-none-eabi/lib/armv6-m\libcr_c.a(_fflush.o)
 .comment       0x0000006e       0x6f f:/mcuxpressoide_10.0.2_411/ide/tools/bin/../lib/gcc/arm-none-eabi/5.4.1/../../../../arm-none-eabi/lib/armv6-m\libcr_c.a(_writebuf.o)
 .comment       0x0000006e       0x6f f:/mcuxpressoide_10.0.2_411/ide/tools/bin/../lib/gcc/arm-none-eabi/5.4.1/../../../../arm-none-eabi/lib/armv6-m\libcr_c.a(alloc.o)
 .comment       0x0000006e       0x6f f:/mcuxpressoide_10.0.2_411/ide/tools/bin/../lib/gcc/arm-none-eabi/5.4.1/../../../../arm-none-eabi/lib/armv6-m\libcr_c.a(errno.o)
 .comment       0x0000006e       0x6f f:/mcuxpressoide_10.0.2_411/ide/tools/bin/../lib/gcc/arm-none-eabi/5.4.1/../../../../arm-none-eabi/lib/armv6-m\libcr_c.a(_deferredlazyseek.o)
 .comment       0x0000006e       0x6f f:/mcuxpressoide_10.0.2_411/ide/tools/bin/../lib/gcc/arm-none-eabi/5.4.1/../../../../arm-none-eabi/lib/armv6-m\libcr_semihost_nf.a(__ciob.o)

.ARM.attributes
                0x00000000       0x30
 .ARM.attributes
                0x00000000       0x32 ./startup/startup_mkw41z4.o
 .ARM.attributes
                0x00000032       0x32 ./source/Flash.o
 .ARM.attributes
                0x00000064       0x32 ./source/LED_FRDM-KW40Z.o
 .ARM.attributes
                0x00000096       0x32 ./source/mtb.o
 .ARM.attributes
                0x000000c8       0x32 ./freertos/fsl_tickless_lptmr.o
 .ARM.attributes
                0x000000fa       0x32 ./freertos/heap_4.o
 .ARM.attributes
                0x0000012c       0x32 ./freertos/list.o
 .ARM.attributes
                0x0000015e       0x32 ./freertos/port.o
 .ARM.attributes
                0x00000190       0x32 ./freertos/queue.o
 .ARM.attributes
                0x000001c2       0x32 ./freertos/tasks.o
 .ARM.attributes
                0x000001f4       0x32 ./freertos/timers.o
 .ARM.attributes
                0x00000226       0x32 ./drivers/fsl_lpuart.o
 .ARM.attributes
                0x00000258       0x32 ./CMSIS/system_MKW41Z4.o
 .ARM.attributes
                0x0000028a       0x31 f:/mcuxpressoide_10.0.2_411/ide/tools/bin/../lib/gcc/arm-none-eabi/5.4.1/../../../../arm-none-eabi/lib/armv6-m\libcr_semihost_nf.a(_cr__main.o)
 .ARM.attributes
                0x000002bb       0x31 f:/mcuxpressoide_10.0.2_411/ide/tools/bin/../lib/gcc/arm-none-eabi/5.4.1/../../../../arm-none-eabi/lib/armv6-m\libcr_c.a(memcpy.o)
 .ARM.attributes
                0x000002ec       0x31 f:/mcuxpressoide_10.0.2_411/ide/tools/bin/../lib/gcc/arm-none-eabi/5.4.1/../../../../arm-none-eabi/lib/armv6-m\libcr_c.a(memset.o)
 .ARM.attributes
                0x0000031d       0x31 f:/mcuxpressoide_10.0.2_411/ide/tools/bin/../lib/gcc/arm-none-eabi/5.4.1/../../../../arm-none-eabi/lib/armv6-m\libcr_c.a(initio.o)
 .ARM.attributes
                0x0000034e       0x31 f:/mcuxpressoide_10.0.2_411/ide/tools/bin/../lib/gcc/arm-none-eabi/5.4.1/../../../../arm-none-eabi/lib/armv6-m\libcr_c.a(setvbuf.o)
 .ARM.attributes
                0x0000037f       0x31 f:/mcuxpressoide_10.0.2_411/ide/tools/bin/../lib/gcc/arm-none-eabi/5.4.1/../../../../arm-none-eabi/lib/armv6-m\libcr_c.a(_fdopen.o)
 .ARM.attributes
                0x000003b0       0x31 f:/mcuxpressoide_10.0.2_411/ide/tools/bin/../lib/gcc/arm-none-eabi/5.4.1/../../../../arm-none-eabi/lib/armv6-m\libcr_c.a(fclose.o)
 .ARM.attributes
                0x000003e1       0x31 f:/mcuxpressoide_10.0.2_411/ide/tools/bin/../lib/gcc/arm-none-eabi/5.4.1/../../../../arm-none-eabi/lib/armv6-m\libcr_c.a(fflush.o)
 .ARM.attributes
                0x00000412       0x31 f:/mcuxpressoide_10.0.2_411/ide/tools/bin/../lib/gcc/arm-none-eabi/5.4.1/../../../../arm-none-eabi/lib/armv6-m\libcr_c.a(fseek.o)
 .ARM.attributes
                0x00000443       0x31 f:/mcuxpressoide_10.0.2_411/ide/tools/bin/../lib/gcc/arm-none-eabi/5.4.1/../../../../arm-none-eabi/lib/armv6-m\libcr_c.a(ftell.o)
 .ARM.attributes
                0x00000474       0x31 f:/mcuxpressoide_10.0.2_411/ide/tools/bin/../lib/gcc/arm-none-eabi/5.4.1/../../../../arm-none-eabi/lib/armv6-m\libcr_c.a(remove.o)
 .ARM.attributes
                0x000004a5       0x31 f:/mcuxpressoide_10.0.2_411/ide/tools/bin/../lib/gcc/arm-none-eabi/5.4.1/../../../../arm-none-eabi/lib/armv6-m\libcr_c.a(strlen.o)
 .ARM.attributes
                0x000004d6       0x31 f:/mcuxpressoide_10.0.2_411/ide/tools/bin/../lib/gcc/arm-none-eabi/5.4.1/../../../../arm-none-eabi/lib/armv6-m\libcr_c.a(_do_fflush.o)
 .ARM.attributes
                0x00000507       0x31 f:/mcuxpressoide_10.0.2_411/ide/tools/bin/../lib/gcc/arm-none-eabi/5.4.1/../../../../arm-none-eabi/lib/armv6-m\libcr_c.a(_fflush.o)
 .ARM.attributes
                0x00000538       0x31 f:/mcuxpressoide_10.0.2_411/ide/tools/bin/../lib/gcc/arm-none-eabi/5.4.1/../../../../arm-none-eabi/lib/armv6-m\libcr_c.a(_writebuf.o)
 .ARM.attributes
                0x00000569       0x31 f:/mcuxpressoide_10.0.2_411/ide/tools/bin/../lib/gcc/arm-none-eabi/5.4.1/../../../../arm-none-eabi/lib/armv6-m\libcr_c.a(alloc.o)
 .ARM.attributes
                0x0000059a       0x31 f:/mcuxpressoide_10.0.2_411/ide/tools/bin/../lib/gcc/arm-none-eabi/5.4.1/../../../../arm-none-eabi/lib/armv6-m\libcr_c.a(errno.o)
 .ARM.attributes
                0x000005cb       0x31 f:/mcuxpressoide_10.0.2_411/ide/tools/bin/../lib/gcc/arm-none-eabi/5.4.1/../../../../arm-none-eabi/lib/armv6-m\libcr_c.a(_deferredlazyseek.o)
 .ARM.attributes
                0x000005fc       0x21 f:/mcuxpressoide_10.0.2_411/ide/tools/bin/../lib/gcc/arm-none-eabi/5.4.1/armv6-m\libcr_eabihelpers.a(division_32.o)
 .ARM.attributes
                0x0000061d       0x21 f:/mcuxpressoide_10.0.2_411/ide/tools/bin/../lib/gcc/arm-none-eabi/5.4.1/armv6-m\libcr_eabihelpers.a(division_idiv0.o)
 .ARM.attributes
                0x0000063e       0x21 f:/mcuxpressoide_10.0.2_411/ide/tools/bin/../lib/gcc/arm-none-eabi/5.4.1/armv6-m\libcr_eabihelpers.a(memcpy.o)
 .ARM.attributes
                0x0000065f       0x31 f:/mcuxpressoide_10.0.2_411/ide/tools/bin/../lib/gcc/arm-none-eabi/5.4.1/../../../../arm-none-eabi/lib/armv6-m\libcr_semihost_nf.a(__ciob.o)
 .ARM.attributes
                0x00000690       0x21 f:/mcuxpressoide_10.0.2_411/ide/tools/bin/../lib/gcc/arm-none-eabi/5.4.1/../../../../arm-none-eabi/lib/armv6-m\libcr_semihost_nf.a(__sys_close.o)
 .ARM.attributes
                0x000006b1       0x21 f:/mcuxpressoide_10.0.2_411/ide/tools/bin/../lib/gcc/arm-none-eabi/5.4.1/../../../../arm-none-eabi/lib/armv6-m\libcr_semihost_nf.a(__sys_flen.o)
 .ARM.attributes
                0x000006d2       0x21 f:/mcuxpressoide_10.0.2_411/ide/tools/bin/../lib/gcc/arm-none-eabi/5.4.1/../../../../arm-none-eabi/lib/armv6-m\libcr_semihost_nf.a(__sys_istty.o)
 .ARM.attributes
                0x000006f3       0x21 f:/mcuxpressoide_10.0.2_411/ide/tools/bin/../lib/gcc/arm-none-eabi/5.4.1/../../../../arm-none-eabi/lib/armv6-m\libcr_semihost_nf.a(__sys_remove.o)
 .ARM.attributes
                0x00000714       0x21 f:/mcuxpressoide_10.0.2_411/ide/tools/bin/../lib/gcc/arm-none-eabi/5.4.1/../../../../arm-none-eabi/lib/armv6-m\libcr_semihost_nf.a(__sys_seek.o)
 .ARM.attributes
                0x00000735       0x21 f:/mcuxpressoide_10.0.2_411/ide/tools/bin/../lib/gcc/arm-none-eabi/5.4.1/../../../../arm-none-eabi/lib/armv6-m\libcr_semihost_nf.a(__sys_tmpnam.o)
 .ARM.attributes
                0x00000756       0x21 f:/mcuxpressoide_10.0.2_411/ide/tools/bin/../lib/gcc/arm-none-eabi/5.4.1/../../../../arm-none-eabi/lib/armv6-m\libcr_semihost_nf.a(__sys_write.o)

.debug_frame    0x00000000     0x1308
 .debug_frame   0x00000000      0x3b0 ./startup/startup_mkw41z4.o
 .debug_frame   0x000003b0       0x60 ./source/Flash.o
 .debug_frame   0x00000410       0x8c ./source/LED_FRDM-KW40Z.o
 .debug_frame   0x0000049c       0x28 ./freertos/fsl_tickless_lptmr.o
 .debug_frame   0x000004c4       0x94 ./freertos/heap_4.o
 .debug_frame   0x00000558       0x6c ./freertos/list.o
 .debug_frame   0x000005c4       0xf8 ./freertos/port.o
 .debug_frame   0x000006bc      0x2d8 ./freertos/queue.o
 .debug_frame   0x00000994      0x534 ./freertos/tasks.o
 .debug_frame   0x00000ec8      0x1b4 ./freertos/timers.o
 .debug_frame   0x0000107c      0x254 ./drivers/fsl_lpuart.o
 .debug_frame   0x000012d0       0x38 ./CMSIS/system_MKW41Z4.o
