Component: ARM Compiler 5.06 update 3 (build 300) Tool: armlink [4d35c9]

==============================================================================

Section Cross References

    blinky.o(i.LED_Initialize) refers to blinky.o(.constdata) for led_port
    blinky.o(i.LED_Off) refers to blinky.o(.constdata) for led_pin
    blinky.o(i.LED_On) refers to blinky.o(.constdata) for led_pin
    blinky.o(i.led3_task) refers to blinky.o(i.LED_On) for LED_On
    blinky.o(i.led3_task) refers to tasks.o(i.vTaskDelay) for vTaskDelay
    blinky.o(i.led3_task) refers to blinky.o(i.LED_Off) for LED_Off
    blinky.o(i.led4_task) refers to blinky.o(i.LED_On) for LED_On
    blinky.o(i.led4_task) refers to tasks.o(i.vTaskDelay) for vTaskDelay
    blinky.o(i.led4_task) refers to blinky.o(i.LED_Off) for LED_Off
    blinky.o(i.main) refers to blinky.o(i.LED_Initialize) for LED_Initialize
    blinky.o(i.main) refers to tasks.o(i.xTaskCreate) for xTaskCreate
    blinky.o(i.main) refers to tasks.o(i.vTaskStartScheduler) for vTaskStartScheduler
    blinky.o(i.main) refers to blinky.o(i.led3_task) for led3_task
    blinky.o(i.main) refers to blinky.o(i.led4_task) for led4_task
    system_mkw41z4.o(i.SystemCoreClockUpdate) refers to aeabi_sdiv.o(.text) for __aeabi_uidivmod
    system_mkw41z4.o(i.SystemCoreClockUpdate) refers to system_mkw41z4.o(i.__ARM_common_switch8) for __ARM_common_switch8
    system_mkw41z4.o(i.SystemCoreClockUpdate) refers to system_mkw41z4.o(.data) for SystemCoreClock
    system_mkw41z4_1.o(STACK) refers (Special) to heapauxi.o(.text) for __use_two_region_memory
    system_mkw41z4_1.o(HEAP) refers (Special) to heapauxi.o(.text) for __use_two_region_memory
    system_mkw41z4_1.o(RESET) refers (Special) to heapauxi.o(.text) for __use_two_region_memory
    system_mkw41z4_1.o(RESET) refers to system_mkw41z4_1.o(STACK) for __initial_sp
    system_mkw41z4_1.o(RESET) refers to system_mkw41z4_1.o(.text) for Reset_Handler
    system_mkw41z4_1.o(RESET) refers to port.o(i.SVC_Handler) for SVC_Handler
    system_mkw41z4_1.o(RESET) refers to port.o(.emb_text) for PendSV_Handler
    system_mkw41z4_1.o(RESET) refers to port.o(i.SysTick_Handler) for SysTick_Handler
    system_mkw41z4_1.o(.ARM.__at_0x400) refers (Special) to heapauxi.o(.text) for __use_two_region_memory
    system_mkw41z4_1.o(.text) refers (Special) to heapauxi.o(.text) for __use_two_region_memory
    system_mkw41z4_1.o(.text) refers to system_mkw41z4_1.o(RESET) for __Vectors
    system_mkw41z4_1.o(.text) refers to system_mkw41z4.o(i.SystemInit) for SystemInit
    system_mkw41z4_1.o(.text) refers to __main.o(!!!main) for __main
    system_mkw41z4_1.o(.text) refers to system_mkw41z4_1.o(HEAP) for Heap_Mem
    system_mkw41z4_1.o(.text) refers to system_mkw41z4_1.o(STACK) for Stack_Mem
    port.o(.emb_text) refers to tasks.o(.data) for pxCurrentTCB
    port.o(.emb_text) refers to tasks.o(i.vTaskSwitchContext) for vTaskSwitchContext
    port.o(i.SysTick_Handler) refers to port.o(.emb_text) for ulSetInterruptMaskFromISR
    port.o(i.SysTick_Handler) refers to tasks.o(i.xTaskIncrementTick) for xTaskIncrementTick
    port.o(i.prvTaskExitError) refers to port.o(.data) for uxCriticalNesting
    port.o(i.pxPortInitialiseStack) refers to port.o(i.prvTaskExitError) for prvTaskExitError
    port.o(i.vPortEndScheduler) refers to port.o(.data) for uxCriticalNesting
    port.o(i.vPortEnterCritical) refers to port.o(.data) for uxCriticalNesting
    port.o(i.vPortExitCritical) refers to port.o(.data) for uxCriticalNesting
    port.o(i.xPortStartScheduler) refers to fsl_tickless_systick.o(i.prvSetupTimerInterrupt) for prvSetupTimerInterrupt
    port.o(i.xPortStartScheduler) refers to port.o(.emb_text) for __asm___6_port_c_39a90d8d__prvPortStartFirstTask
    port.o(i.xPortStartScheduler) refers to port.o(.data) for uxCriticalNesting
    queue.o(i.pcQueueGetName) refers to queue.o(.bss) for xQueueRegistry
    queue.o(i.prvCopyDataFromQueue) refers to rt_memcpy.o(.text) for __aeabi_memcpy
    queue.o(i.prvCopyDataToQueue) refers to tasks.o(i.xTaskPriorityDisinherit) for xTaskPriorityDisinherit
    queue.o(i.prvCopyDataToQueue) refers to rt_memcpy.o(.text) for __aeabi_memcpy
    queue.o(i.prvInitialiseMutex) refers to queue.o(i.xQueueGenericSend) for xQueueGenericSend
    queue.o(i.prvInitialiseNewQueue) refers to queue.o(i.xQueueGenericReset) for xQueueGenericReset
    queue.o(i.prvIsQueueEmpty) refers to port.o(i.vPortEnterCritical) for vPortEnterCritical
    queue.o(i.prvIsQueueEmpty) refers to port.o(i.vPortExitCritical) for vPortExitCritical
    queue.o(i.prvIsQueueFull) refers to port.o(i.vPortEnterCritical) for vPortEnterCritical
    queue.o(i.prvIsQueueFull) refers to port.o(i.vPortExitCritical) for vPortExitCritical
    queue.o(i.prvUnlockQueue) refers to port.o(i.vPortEnterCritical) for vPortEnterCritical
    queue.o(i.prvUnlockQueue) refers to tasks.o(i.xTaskRemoveFromEventList) for xTaskRemoveFromEventList
[...]
    timers.o(i.prvInsertTimerInActiveList) refers to timers.o(.data) for pxOverflowTimerList
    timers.o(i.prvProcessExpiredTimer) refers to list.o(i.uxListRemove) for uxListRemove
    timers.o(i.prvProcessExpiredTimer) refers to timers.o(i.prvInsertTimerInActiveList) for prvInsertTimerInActiveList
    timers.o(i.prvProcessExpiredTimer) refers to timers.o(i.xTimerGenericCommand) for xTimerGenericCommand
    timers.o(i.prvProcessExpiredTimer) refers to timers.o(.data) for pxCurrentTimerList
    timers.o(i.prvProcessReceivedCommands) refers to list.o(i.uxListRemove) for uxListRemove
    timers.o(i.prvProcessReceivedCommands) refers to timers.o(i.prvSampleTimeNow) for prvSampleTimeNow
    timers.o(i.prvProcessReceivedCommands) refers to system_mkw41z4.o(i.__ARM_common_switch8) for __ARM_common_switch8
    timers.o(i.prvProcessReceivedCommands) refers to timers.o(i.prvInsertTimerInActiveList) for prvInsertTimerInActiveList
    timers.o(i.prvProcessReceivedCommands) refers to timers.o(i.xTimerGenericCommand) for xTimerGenericCommand
    timers.o(i.prvProcessReceivedCommands) refers to heap_1.o(i.vPortFree) for vPortFree
    timers.o(i.prvProcessReceivedCommands) refers to queue.o(i.xQueueGenericReceive) for xQueueGenericReceive
    timers.o(i.prvProcessReceivedCommands) refers to timers.o(.data) for xTimerQueue
    timers.o(i.prvProcessTimerOrBlockTask) refers to tasks.o(i.vTaskSuspendAll) for vTaskSuspendAll
    timers.o(i.prvProcessTimerOrBlockTask) refers to timers.o(i.prvSampleTimeNow) for prvSampleTimeNow
    timers.o(i.prvProcessTimerOrBlockTask) refers to tasks.o(i.xTaskResumeAll) for xTaskResumeAll
    timers.o(i.prvProcessTimerOrBlockTask) refers to timers.o(i.prvProcessExpiredTimer) for prvProcessExpiredTimer
    timers.o(i.prvProcessTimerOrBlockTask) refers to queue.o(i.vQueueWaitForMessageRestricted) for vQueueWaitForMessageRestricted
    timers.o(i.prvProcessTimerOrBlockTask) refers to port.o(i.vPortYield) for vPortYield
    timers.o(i.prvProcessTimerOrBlockTask) refers to timers.o(.data) for pxOverflowTimerList
    timers.o(i.prvSampleTimeNow) refers to tasks.o(i.xTaskGetTickCount) for xTaskGetTickCount
    timers.o(i.prvSampleTimeNow) refers to timers.o(i.prvSwitchTimerLists) for prvSwitchTimerLists
    timers.o(i.prvSampleTimeNow) refers to timers.o(.data) for xLastTime
    timers.o(i.prvSwitchTimerLists) refers to list.o(i.uxListRemove) for uxListRemove
    timers.o(i.prvSwitchTimerLists) refers to list.o(i.vListInsert) for vListInsert
    timers.o(i.prvSwitchTimerLists) refers to timers.o(i.xTimerGenericCommand) for xTimerGenericCommand
    timers.o(i.prvSwitchTimerLists) refers to timers.o(.data) for pxCurrentTimerList
    timers.o(i.prvTimerTask) refers to timers.o(i.prvGetNextExpireTime) for prvGetNextExpireTime
    timers.o(i.prvTimerTask) refers to timers.o(i.prvProcessTimerOrBlockTask) for prvProcessTimerOrBlockTask
    timers.o(i.prvTimerTask) refers to timers.o(i.prvProcessReceivedCommands) for prvProcessReceivedCommands
    timers.o(i.pvTimerGetTimerID) refers to port.o(i.vPortEnterCritical) for vPortEnterCritical
    timers.o(i.pvTimerGetTimerID) refers to port.o(i.vPortExitCritical) for vPortExitCritical
    timers.o(i.vTimerSetTimerID) refers to port.o(i.vPortEnterCritical) for vPortEnterCritical
    timers.o(i.vTimerSetTimerID) refers to port.o(i.vPortExitCritical) for vPortExitCritical
    timers.o(i.xTimerCreate) refers to heap_1.o(i.pvPortMalloc) for pvPortMalloc
    timers.o(i.xTimerCreate) refers to timers.o(i.prvInitialiseNewTimer) for prvInitialiseNewTimer
    timers.o(i.xTimerCreateTimerTask) refers to timers.o(i.prvCheckForValidListAndQueue) for prvCheckForValidListAndQueue
    timers.o(i.xTimerCreateTimerTask) refers to tasks.o(i.xTaskCreate) for xTaskCreate
    timers.o(i.xTimerCreateTimerTask) refers to timers.o(.data) for xTimerQueue
    timers.o(i.xTimerCreateTimerTask) refers to timers.o(i.prvTimerTask) for prvTimerTask
    timers.o(i.xTimerGenericCommand) refers to tasks.o(i.xTaskGetSchedulerState) for xTaskGetSchedulerState
    timers.o(i.xTimerGenericCommand) refers to queue.o(i.xQueueGenericSend) for xQueueGenericSend
    timers.o(i.xTimerGenericCommand) refers to queue.o(i.xQueueGenericSendFromISR) for xQueueGenericSendFromISR
    timers.o(i.xTimerGenericCommand) refers to timers.o(.data) for xTimerQueue
    timers.o(i.xTimerGetTimerDaemonTaskHandle) refers to timers.o(.data) for xTimerTaskHandle
    timers.o(i.xTimerIsTimerActive) refers to port.o(i.vPortEnterCritical) for vPortEnterCritical
    timers.o(i.xTimerIsTimerActive) refers to port.o(i.vPortExitCritical) for vPortExitCritical
    timers.o(i.xTimerPendFunctionCall) refers to queue.o(i.xQueueGenericSend) for xQueueGenericSend
    timers.o(i.xTimerPendFunctionCall) refers to timers.o(.data) for xTimerQueue
    timers.o(i.xTimerPendFunctionCallFromISR) refers to queue.o(i.xQueueGenericSendFromISR) for xQueueGenericSendFromISR
    timers.o(i.xTimerPendFunctionCallFromISR) refers to timers.o(.data) for xTimerQueue
    heap_1.o(i.pvPortMalloc) refers to tasks.o(i.vTaskSuspendAll) for vTaskSuspendAll
    heap_1.o(i.pvPortMalloc) refers to tasks.o(i.xTaskResumeAll) for xTaskResumeAll
    heap_1.o(i.pvPortMalloc) refers to heap_1.o(.data) for pucAlignedHeap
    heap_1.o(i.pvPortMalloc) refers to heap_1.o(.bss) for ucHeap
    heap_1.o(i.vPortInitialiseBlocks) refers to heap_1.o(.data) for xNextFreeByte
    heap_1.o(i.xPortGetFreeHeapSize) refers to heap_1.o(.data) for xNextFreeByte
    fsl_tickless_systick.o(i.prvSetupTimerInterrupt) refers to aeabi_sdiv.o(.text) for __aeabi_uidivmod
    fsl_tickless_systick.o(i.prvSetupTimerInterrupt) refers to system_mkw41z4.o(.data) for SystemCoreClock
    rt_memcpy.o(.text) refers to rt_memcpy.o(.emb_text) for __aeabi_memcpy4
    aeabi_memset.o(.text) refers to rt_memclr.o(.text) for _memset
    __main.o(!!!main) refers to __rtentry.o(.ARM.Collect$$rtentry$$00000000) for __rt_entry
    __rtentry.o(.ARM.Collect$$rtentry$$00000000) refers (Special) to __rtentry2.o(.ARM.Collect$$rtentry$$0000000A) for __rt_entry_li
    __rtentry.o(.ARM.Collect$$rtentry$$00000000) refers (Special) to __rtentry2.o(.ARM.Collect$$rtentry$$0000000D) for __rt_entry_main
    __rtentry.o(.ARM.Collect$$rtentry$$00000000) refers (Special) to __rtentry2.o(.ARM.Collect$$rtentry$$0000000C) for __rt_entry_postli_1
    __rtentry.o(.ARM.Collect$$rtentry$$00000000) refers (Special) to __rtentry2.o(.ARM.Collect$$rtentry$$00000009) for __rt_entry_postsh_1
    __rtentry.o(.ARM.Collect$$rtentry$$00000000) refers (Special) to __rtentry2.o(.ARM.Collect$$rtentry$$00000002) for __rt_entry_presh_1
    __rtentry.o(.ARM.Collect$$rtentry$$00000000) refers (Special) to __rtentry4.o(.ARM.Collect$$rtentry$$00000004) for __rt_entry_sh
    aeabi_idiv0_sigfpe.o(.text) refers to rt_div0.o(.text) for __rt_div0
    __rtentry2.o(.ARM.Collect$$rtentry$$00000008) refers to boardinit2.o(.text) for _platform_post_stackheap_init
    __rtentry2.o(.ARM.Collect$$rtentry$$0000000A) refers to libinit.o(.ARM.Collect$$libinit$$00000000) for __rt_lib_init
    __rtentry2.o(.ARM.Collect$$rtentry$$0000000B) refers to boardinit3.o(.text) for _platform_post_lib_init
    __rtentry2.o(.ARM.Collect$$rtentry$$0000000D) refers to blinky.o(i.main) for main
    __rtentry2.o(.ARM.Collect$$rtentry$$0000000D) refers to exit.o(.text) for exit
    __rtentry2.o(.ARM.exidx) refers to __rtentry2.o(.ARM.Collect$$rtentry$$00000001) for .ARM.Collect$$rtentry$$00000001
    __rtentry2.o(.ARM.exidx) refers to __rtentry2.o(.ARM.Collect$$rtentry$$00000008) for .ARM.Collect$$rtentry$$00000008
    __rtentry2.o(.ARM.exidx) refers to __rtentry2.o(.ARM.Collect$$rtentry$$0000000A) for .ARM.Collect$$rtentry$$0000000A
    __rtentry2.o(.ARM.exidx) refers to __rtentry2.o(.ARM.Collect$$rtentry$$0000000B) for .ARM.Collect$$rtentry$$0000000B
    __rtentry2.o(.ARM.exidx) refers to __rtentry2.o(.ARM.Collect$$rtentry$$0000000D) for .ARM.Collect$$rtentry$$0000000D
    __rtentry4.o(.ARM.Collect$$rtentry$$00000004) refers to sys_stackheap_outer.o(.text) for __user_setup_stackheap
    __rtentry4.o(.ARM.exidx) refers to __rtentry4.o(.ARM.Collect$$rtentry$$00000004) for .ARM.Collect$$rtentry$$00000004
    rt_div0.o(.text) refers to defsig_fpe_outer.o(.text) for __rt_SIGFPE
    sys_stackheap_outer.o(.text) refers to libspace.o(.text) for __user_perproc_libspace
    sys_stackheap_outer.o(.text) refers to system_mkw41z4_1.o(.text) for __user_initial_stackheap
    sys_stackheap_outer.o(__vectab_stack_and_reset_area) refers to tempstk.o(.text) for __temporary_stack_top
    sys_stackheap_outer.o(__vectab_stack_and_reset_area) refers to __main.o(!!!main) for __main
    exit.o(.text) refers to rtexit.o(.ARM.Collect$$rtexit$$00000000) for __rt_exit
    defsig_fpe_outer.o(.text) refers to defsig_fpe_inner.o(.text) for __rt_SIGFPE_inner
    defsig_fpe_outer.o(.text) refers to defsig_exit.o(.text) for __sig_exit
    defsig_fpe_formal.o(.text) refers to rt_raise.o(.text) for __rt_raise
    libinit.o(.ARM.Collect$$libinit$$00000000) refers (Special) to libinit2.o(.ARM.Collect$$libinit$$0000002E) for __rt_lib_init_alloca_1
    libinit.o(.ARM.Collect$$libinit$$00000000) refers (Special) to libinit2.o(.ARM.Collect$$libinit$$0000002C) for __rt_lib_init_argv_1
    libinit.o(.ARM.Collect$$libinit$$00000000) refers (Special) to libinit2.o(.ARM.Collect$$libinit$$0000001B) for __rt_lib_init_atexit_1
    libinit.o(.ARM.Collect$$libinit$$00000000) refers (Special) to libinit2.o(.ARM.Collect$$libinit$$00000021) for __rt_lib_init_clock_1
    libinit.o(.ARM.Collect$$libinit$$00000000) refers (Special) to libinit2.o(.ARM.Collect$$libinit$$00000032) for __rt_lib_init_cpp_1
    libinit.o(.ARM.Collect$$libinit$$00000000) refers (Special) to libinit2.o(.ARM.Collect$$libinit$$00000030) for __rt_lib_init_exceptions_1
    libinit.o(.ARM.Collect$$libinit$$00000000) refers (Special) to libinit2.o(.ARM.Collect$$libinit$$00000002) for __rt_lib_init_fp_1
    libinit.o(.ARM.Collect$$libinit$$00000000) refers (Special) to libinit2.o(.ARM.Collect$$libinit$$0000001F) for __rt_lib_init_fp_trap_1
    libinit.o(.ARM.Collect$$libinit$$00000000) refers (Special) to libinit2.o(.ARM.Collect$$libinit$$00000023) for __rt_lib_init_getenv_1
    libinit.o(.ARM.Collect$$libinit$$00000000) refers (Special) to libinit2.o(.ARM.Collect$$libinit$$0000000A) for __rt_lib_init_heap_1
    libinit.o(.ARM.Collect$$libinit$$00000000) refers (Special) to libinit2.o(.ARM.Collect$$libinit$$00000011) for __rt_lib_init_lc_collate_1
    libinit.o(.ARM.Collect$$libinit$$00000000) refers (Special) to libinit2.o(.ARM.Collect$$libinit$$00000013) for __rt_lib_init_lc_ctype_1
    libinit.o(.ARM.Collect$$libinit$$00000000) refers (Special) to libinit2.o(.ARM.Collect$$libinit$$00000015) for __rt_lib_init_lc_monetary_1
    libinit.o(.ARM.Collect$$libinit$$00000000) refers (Special) to libinit2.o(.ARM.Collect$$libinit$$00000017) for __rt_lib_init_lc_numeric_1
    libinit.o(.ARM.Collect$$libinit$$00000000) refers (Special) to libinit2.o(.ARM.Collect$$libinit$$00000019) for __rt_lib_init_lc_time_1
    libinit.o(.ARM.Collect$$libinit$$00000000) refers (Special) to libinit2.o(.ARM.Collect$$libinit$$00000004) for __rt_lib_init_preinit_1
    libinit.o(.ARM.Collect$$libinit$$00000000) refers (Special) to libinit2.o(.ARM.Collect$$libinit$$0000000E) for __rt_lib_init_rand_1
    libinit.o(.ARM.Collect$$libinit$$00000000) refers (Special) to libinit2.o(.ARM.Collect$$libinit$$00000033) for __rt_lib_init_return
    libinit.o(.ARM.Collect$$libinit$$00000000) refers (Special) to libinit2.o(.ARM.Collect$$libinit$$0000001D) for __rt_lib_init_signal_1
    libinit.o(.ARM.Collect$$libinit$$00000000) refers (Special) to libinit2.o(.ARM.Collect$$libinit$$00000025) for __rt_lib_init_stdio_1
    libinit.o(.ARM.Collect$$libinit$$00000000) refers (Special) to libinit2.o(.ARM.Collect$$libinit$$0000000C) for __rt_lib_init_user_alloc_1
    libspace.o(.text) refers to libspace.o(.bss) for __libspace_start
    rtexit.o(.ARM.Collect$$rtexit$$00000000) refers (Special) to rtexit2.o(.ARM.Collect$$rtexit$$00000004) for __rt_exit_exit
    rtexit.o(.ARM.Collect$$rtexit$$00000000) refers (Special) to rtexit2.o(.ARM.Collect$$rtexit$$00000003) for __rt_exit_ls
    rtexit.o(.ARM.Collect$$rtexit$$00000000) refers (Special) to rtexit2.o(.ARM.Collect$$rtexit$$00000002) for __rt_exit_prels_1
    rtexit.o(.ARM.exidx) refers (Special) to rtexit2.o(.ARM.Collect$$rtexit$$00000004) for __rt_exit_exit
    rtexit.o(.ARM.exidx) refers (Special) to rtexit2.o(.ARM.Collect$$rtexit$$00000003) for __rt_exit_ls
    rtexit.o(.ARM.exidx) refers (Special) to rtexit2.o(.ARM.Collect$$rtexit$$00000002) for __rt_exit_prels_1
    rtexit.o(.ARM.exidx) refers to rtexit.o(.ARM.Collect$$rtexit$$00000000) for .ARM.Collect$$rtexit$$00000000
    rt_raise.o(.text) refers to __raise.o(.text) for __raise
    rt_raise.o(.text) refers to sys_exit.o(.text) for _sys_exit
    defsig_exit.o(.text) refers to sys_exit.o(.text) for _sys_exit
    defsig_fpe_inner.o(.text) refers to defsig_general.o(.text) for __default_signal_display
    libinit2.o(.ARM.Collect$$libinit$$00000010) refers to libinit2.o(.ARM.Collect$$libinit$$0000000F) for .ARM.Collect$$libinit$$0000000F
    libinit2.o(.ARM.Collect$$libinit$$00000012) refers to libinit2.o(.ARM.Collect$$libinit$$0000000F) for .ARM.Collect$$libinit$$0000000F
    libinit2.o(.ARM.Collect$$libinit$$00000014) refers to libinit2.o(.ARM.Collect$$libinit$$0000000F) for .ARM.Collect$$libinit$$0000000F
    libinit2.o(.ARM.Collect$$libinit$$00000016) refers to libinit2.o(.ARM.Collect$$libinit$$0000000F) for .ARM.Collect$$libinit$$0000000F
    libinit2.o(.ARM.Collect$$libinit$$00000018) refers to libinit2.o(.ARM.Collect$$libinit$$0000000F) for .ARM.Collect$$libinit$$0000000F
    libinit2.o(.ARM.Collect$$libinit$$00000026) refers to argv_veneer.o(.text) for __ARM_argv_veneer
    libinit2.o(.ARM.Collect$$libinit$$00000027) refers to argv_veneer.o(.text) for __ARM_argv_veneer
    sys_exit.o(.text) refers (Special) to use_no_semi.o(.text) for __I$use$semihosting
    sys_exit.o(.text) refers (Special) to indicate_semi.o(.text) for __semihosting_library_function
    rtexit2.o(.ARM.Collect$$rtexit$$00000003) refers to libshutdown.o(.ARM.Collect$$libshutdown$$00000000) for __rt_lib_shutdown
    rtexit2.o(.ARM.Collect$$rtexit$$00000004) refers to sys_exit.o(.text) for _sys_exit
    rtexit2.o(.ARM.exidx) refers to rtexit2.o(.ARM.Collect$$rtexit$$00000001) for .ARM.Collect$$rtexit$$00000001
    rtexit2.o(.ARM.exidx) refers to rtexit2.o(.ARM.Collect$$rtexit$$00000003) for .ARM.Collect$$rtexit$$00000003
    rtexit2.o(.ARM.exidx) refers to rtexit2.o(.ARM.Collect$$rtexit$$00000004) for .ARM.Collect$$rtexit$$00000004
    __raise.o(.text) refers to defsig.o(CL$$defsig) for __default_signal_handler
    defsig_general.o(.text) refers to sys_wrch.o(.text) for _ttywrch
    sys_wrch.o(.text) refers (Special) to use_no_semi.o(.text) for __I$use$semihosting
    sys_wrch.o(.text) refers (Special) to indicate_semi.o(.text) for __semihosting_library_function
    defsig.o(CL$$defsig) refers to defsig_fpe_inner.o(.text) for __rt_SIGFPE_inner
    defsig.o(CL$$defsig) refers to defsig_rtmem_inner.o(.text) for __rt_SIGRTMEM_inner
    _get_argv_nomalloc.o(.text) refers (Special) to hrguard.o(.text) for __heap_region$guard
    _get_argv_nomalloc.o(.text) refers to defsig_rtmem_outer.o(.text) for __rt_SIGRTMEM
    _get_argv_nomalloc.o(.text) refers to sys_command.o(.text) for _sys_command_string
    libshutdown.o(.ARM.Collect$$libshutdown$$00000000) refers (Special) to libshutdown2.o(.ARM.Collect$$libshutdown$$00000002) for __rt_lib_shutdown_cpp_1
    libshutdown.o(.ARM.Collect$$libshutdown$$00000000) refers (Special) to libshutdown2.o(.ARM.Collect$$libshutdown$$00000007) for __rt_lib_shutdown_fp_trap_1
    libshutdown.o(.ARM.Collect$$libshutdown$$00000000) refers (Special) to libshutdown2.o(.ARM.Collect$$libshutdown$$0000000F) for __rt_lib_shutdown_heap_1
    libshutdown.o(.ARM.Collect$$libshutdown$$00000000) refers (Special) to libshutdown2.o(.ARM.Collect$$libshutdown$$00000010) for __rt_lib_shutdown_return
    libshutdown.o(.ARM.Collect$$libshutdown$$00000000) refers (Special) to libshutdown2.o(.ARM.Collect$$libshutdown$$0000000A) for __rt_lib_shutdown_signal_1
    libshutdown.o(.ARM.Collect$$libshutdown$$00000000) refers (Special) to libshutdown2.o(.ARM.Collect$$libshutdown$$00000004) for __rt_lib_shutdown_stdio_1
    libshutdown.o(.ARM.Collect$$libshutdown$$00000000) refers (Special) to libshutdown2.o(.ARM.Collect$$libshutdown$$0000000C) for __rt_lib_shutdown_user_alloc_1
    sys_command.o(.text) refers (Special) to use_no_semi.o(.text) for __I$use$semihosting
    sys_command.o(.text) refers (Special) to indicate_semi.o(.text) for __semihosting_library_function
    defsig_abrt_inner.o(.text) refers to defsig_general.o(.text) for __default_signal_display
    defsig_rtred_inner.o(.text) refers to defsig_general.o(.text) for __default_signal_display
    defsig_rtmem_inner.o(.text) refers to defsig_general.o(.text) for __default_signal_display
    defsig_rtmem_outer.o(.text) refers to defsig_rtmem_inner.o(.text) for __rt_SIGRTMEM_inner
    defsig_rtmem_outer.o(.text) refers to defsig_exit.o(.text) for __sig_exit
    defsig_rtmem_formal.o(.text) refers to rt_raise.o(.text) for __rt_raise
    defsig_stak_inner.o(.text) refers to defsig_general.o(.text) for __default_signal_display
    defsig_pvfn_inner.o(.text) refers to defsig_general.o(.text) for __default_signal_display
    defsig_cppl_inner.o(.text) refers to defsig_general.o(.text) for __default_signal_display
    defsig_segv_inner.o(.text) refers to defsig_general.o(.text) for __default_signal_display
    defsig_other.o(.text) refers to defsig_general.o(.text) for __default_signal_display


==============================================================================

Removing Unused input sections from the image.

    Removing blinky.o(.rev16_text), (4 bytes).
    Removing blinky.o(.revsh_text), (4 bytes).
    Removing blinky.o(i.LED_Uninitialize), (4 bytes).
    Removing system_mkw41z4.o(.rev16_text), (4 bytes).
    Removing system_mkw41z4.o(.revsh_text), (4 bytes).
    Removing system_mkw41z4.o(i.SystemCoreClockUpdate), (396 bytes).
    Removing port.o(i.vPortEndScheduler), (36 bytes).
    Removing queue.o(i.pcQueueGetName), (44 bytes).
    Removing queue.o(i.prvInitialiseMutex), (30 bytes).
    Removing queue.o(i.ucQueueGetQueueType), (8 bytes).
    Removing queue.o(i.uxQueueGetQueueNumber), (6 bytes).
    Removing queue.o(i.uxQueueMessagesWaiting), (28 bytes).
    Removing queue.o(i.uxQueueMessagesWaitingFromISR), (16 bytes).
    Removing queue.o(i.uxQueueSpacesAvailable), (34 bytes).
    Removing queue.o(i.vQueueDelete), (30 bytes).
    Removing queue.o(i.vQueueSetQueueNumber), (4 bytes).
    Removing queue.o(i.vQueueUnregisterQueue), (52 bytes).
    Removing queue.o(i.xQueueCreateCountingSemaphore), (68 bytes).
    Removing queue.o(i.xQueueCreateMutex), (30 bytes).
    Removing queue.o(i.xQueueGiveFromISR), (170 bytes).
    Removing queue.o(i.xQueueGiveMutexRecursive), (60 bytes).
    Removing queue.o(i.xQueueIsQueueEmptyFromISR), (26 bytes).
    Removing queue.o(i.xQueueIsQueueFullFromISR), (28 bytes).
    Removing queue.o(i.xQueuePeekFromISR), (108 bytes).
    Removing queue.o(i.xQueueReceiveFromISR), (158 bytes).
    Removing queue.o(i.xQueueTakeMutexRecursive), (66 bytes).
    Removing tasks.o(i.eTaskGetState), (120 bytes).
    Removing tasks.o(i.pcTaskGetName), (36 bytes).
    Removing tasks.o(i.prvListTasksWithinSingleList), (106 bytes).
    Removing tasks.o(i.prvTaskCheckFreeStackSpace), (22 bytes).
    Removing tasks.o(i.prvTaskIsTaskSuspended), (84 bytes).
    Removing tasks.o(i.pvTaskGetThreadLocalStoragePointer), (44 bytes).
    Removing tasks.o(i.ulTaskNotifyTake), (108 bytes).
    Removing tasks.o(i.uxTaskGetNumberOfTasks), (12 bytes).
    Removing tasks.o(i.uxTaskGetSystemState), (164 bytes).
    Removing tasks.o(i.uxTaskGetTaskNumber), (16 bytes).
    Removing tasks.o(i.uxTaskPriorityGet), (36 bytes).
    Removing tasks.o(i.uxTaskPriorityGetFromISR), (40 bytes).
    Removing tasks.o(i.uxTaskResetEventItemValue), (28 bytes).
    Removing tasks.o(i.vTaskDelayUntil), (156 bytes).
    Removing tasks.o(i.vTaskDelete), (180 bytes).
    Removing tasks.o(i.vTaskEndScheduler), (20 bytes).
    Removing tasks.o(i.vTaskGetInfo), (120 bytes).
    Removing tasks.o(i.vTaskNotifyGiveFromISR), (184 bytes).
    Removing tasks.o(i.vTaskPlaceOnUnorderedEventList), (84 bytes).
    Removing tasks.o(i.vTaskPrioritySet), (228 bytes).
    Removing tasks.o(i.vTaskResume), (116 bytes).
    Removing tasks.o(i.vTaskSetTaskNumber), (10 bytes).
    Removing tasks.o(i.vTaskSetThreadLocalStoragePointer), (36 bytes).
    Removing tasks.o(i.vTaskSuspend), (168 bytes).
    Removing tasks.o(i.xTaskGenericNotify), (212 bytes).
    Removing tasks.o(i.xTaskGenericNotifyFromISR), (264 bytes).
    Removing tasks.o(i.xTaskGetCurrentTaskHandle), (12 bytes).
    Removing tasks.o(i.xTaskGetTickCountFromISR), (12 bytes).
    Removing tasks.o(i.xTaskNotifyStateClear), (56 bytes).
    Removing tasks.o(i.xTaskNotifyWait), (144 bytes).
    Removing tasks.o(i.xTaskRemoveFromUnorderedEventList), (144 bytes).
    Removing tasks.o(i.xTaskResumeFromISR), (136 bytes).
    Removing timers.o(i.pcTimerGetName), (18 bytes).
    Removing timers.o(i.prvInitialiseNewTimer), (64 bytes).
    Removing timers.o(i.pvTimerGetTimerID), (30 bytes).
    Removing timers.o(i.vTimerSetTimerID), (30 bytes).
    Removing timers.o(i.xTimerCreate), (44 bytes).
    Removing timers.o(i.xTimerGetExpiryTime), (18 bytes).
    Removing timers.o(i.xTimerGetPeriod), (18 bytes).
    Removing timers.o(i.xTimerGetTimerDaemonTaskHandle), (36 bytes).
    Removing timers.o(i.xTimerIsTimerActive), (46 bytes).
    Removing timers.o(i.xTimerPendFunctionCall), (64 bytes).
    Removing timers.o(i.xTimerPendFunctionCallFromISR), (52 bytes).
    Removing heap_1.o(i.vPortInitialiseBlocks), (12 bytes).
    Removing heap_1.o(i.xPortGetFreeHeapSize), (20 bytes).

71 unused section(s) (total 4968 bytes) removed from the image.

==============================================================================

Image Symbol Table

    Local Symbols

    Symbol Name                              Value     Ov Type        Size  Object(Section)

    RESET                                    0x00000000   Section      192  system_mkw41z4_1.o(RESET)
    ../clib/angel/boardlib.s                 0x00000000   Number         0  boardinit1.o ABSOLUTE
    ../clib/angel/boardlib.s                 0x00000000   Number         0  boardinit3.o ABSOLUTE
    ../clib/angel/boardlib.s                 0x00000000   Number         0  boardinit2.o ABSOLUTE
    ../clib/angel/boardlib.s                 0x00000000   Number         0  boardshut.o ABSOLUTE
    ../clib/angel/handlers.s                 0x00000000   Number         0  __scatter_zi.o ABSOLUTE
    ../clib/angel/handlers.s                 0x00000000   Number         0  __scatter_copy.o ABSOLUTE
    ../clib/angel/kernel.s                   0x00000000   Number         0  rtexit.o ABSOLUTE
    ../clib/angel/kernel.s                   0x00000000   Number         0  __rtentry.o ABSOLUTE
    ../clib/angel/kernel.s                   0x00000000   Number         0  __rtentry2.o ABSOLUTE
    ../clib/angel/kernel.s                   0x00000000   Number         0  __rtentry4.o ABSOLUTE
    ../clib/angel/kernel.s                   0x00000000   Number         0  rtexit2.o ABSOLUTE
    ../clib/angel/rt.s                       0x00000000   Number         0  rt_raise.o ABSOLUTE
    ../clib/angel/rt.s                       0x00000000   Number         0  aeabi_idiv0_sigfpe.o ABSOLUTE
    ../clib/angel/rt.s                       0x00000000   Number         0  rt_div0.o ABSOLUTE
    ../clib/angel/rt.s                       0x00000000   Number         0  aeabi_idiv0.o ABSOLUTE
    ../clib/angel/scatterp.s                 0x00000000   Number         0  __scatter.o ABSOLUTE
    ../clib/angel/startup.s                  0x00000000   Number         0  __main.o ABSOLUTE
    ../clib/angel/sys.s                      0x00000000   Number         0  tempstk.o ABSOLUTE
    ../clib/angel/sys.s                      0x00000000   Number         0  use_no_semi.o ABSOLUTE
    ../clib/angel/sys.s                      0x00000000   Number         0  sys_stackheap_outer.o ABSOLUTE
    ../clib/angel/sys.s                      0x00000000   Number         0  libspace.o ABSOLUTE
    ../clib/angel/sys.s                      0x00000000   Number         0  indicate_semi.o ABSOLUTE
    ../clib/angel/sysapp.c                   0x00000000   Number         0  sys_exit.o ABSOLUTE
    ../clib/angel/sysapp.c                   0x00000000   Number         0  sys_command.o ABSOLUTE
    ../clib/angel/sysapp.c                   0x00000000   Number         0  sys_wrch.o ABSOLUTE
    ../clib/armsys.c                         0x00000000   Number         0  _get_argv_nomalloc.o ABSOLUTE
    ../clib/armsys.c                         0x00000000   Number         0  no_argv.o ABSOLUTE
    ../clib/armsys.c                         0x00000000   Number         0  argv_veneer.o ABSOLUTE
    ../clib/division.s                       0x00000000   Number         0  aeabi_sdiv_div0.o ABSOLUTE
    ../clib/division.s                       0x00000000   Number         0  aeabi_sdiv.o ABSOLUTE
    ../clib/heapalloc.c                      0x00000000   Number         0  hrguard.o ABSOLUTE
    ../clib/heapaux.c                        0x00000000   Number         0  heapauxi.o ABSOLUTE
    ../clib/libinit.s                        0x00000000   Number         0  libshutdown2.o ABSOLUTE
    ../clib/libinit.s                        0x00000000   Number         0  libinit.o ABSOLUTE
    ../clib/libinit.s                        0x00000000   Number         0  libshutdown.o ABSOLUTE
    ../clib/libinit.s                        0x00000000   Number         0  libinit2.o ABSOLUTE
    ../clib/memcpset.c                       0x00000000   Number         0  rt_memclr.o ABSOLUTE
    ../clib/memcpset.c                       0x00000000   Number         0  aeabi_memset.o ABSOLUTE
    ../clib/memcpset.c                       0x00000000   Number         0  rt_memcpy.o ABSOLUTE
    ../clib/memcpset.c                       0x00000000   Number         0  rt_memcpy.o ABSOLUTE
    ../clib/signal.c                         0x00000000   Number         0  defsig_pvfn_inner.o ABSOLUTE
    ../clib/signal.c                         0x00000000   Number         0  defsig_stak_inner.o ABSOLUTE
    ../clib/signal.c                         0x00000000   Number         0  defsig_rtmem_formal.o ABSOLUTE
    ../clib/signal.c                         0x00000000   Number         0  defsig_rtmem_outer.o ABSOLUTE
    ../clib/signal.c                         0x00000000   Number         0  defsig_rtmem_inner.o ABSOLUTE
    ../clib/signal.c                         0x00000000   Number         0  defsig_rtred_inner.o ABSOLUTE
    ../clib/signal.c                         0x00000000   Number         0  defsig_abrt_inner.o ABSOLUTE
    ../clib/signal.c                         0x00000000   Number         0  defsig_cppl_inner.o ABSOLUTE
    ../clib/signal.c                         0x00000000   Number         0  defsig_general.o ABSOLUTE
    ../clib/signal.c                         0x00000000   Number         0  __raise.o ABSOLUTE
    ../clib/signal.c                         0x00000000   Number         0  defsig_fpe_formal.o ABSOLUTE
    ../clib/signal.c                         0x00000000   Number         0  defsig_fpe_outer.o ABSOLUTE
    ../clib/signal.c                         0x00000000   Number         0  defsig_fpe_inner.o ABSOLUTE
    ../clib/signal.c                         0x00000000   Number         0  defsig_other.o ABSOLUTE
    ../clib/signal.c                         0x00000000   Number         0  defsig_segv_inner.o ABSOLUTE
    ../clib/signal.c                         0x00000000   Number         0  defsig_exit.o ABSOLUTE
    ../clib/signal.s                         0x00000000   Number         0  defsig.o ABSOLUTE
    ../clib/stdlib.c                         0x00000000   Number         0  exit.o ABSOLUTE
    ../fplib/cfplib/fpinit.c                 0x00000000   Number         0  fpinit.o ABSOLUTE
    FreeRTOS\\port.c                         0x00000000   Number         0  port.o ABSOLUTE
    FreeRTOS\fsl_tickless_systick.c          0x00000000   Number         0  fsl_tickless_systick.o ABSOLUTE
    FreeRTOS\heap_1.c                        0x00000000   Number         0  heap_1.o ABSOLUTE
    FreeRTOS\list.c                          0x00000000   Number         0  list.o ABSOLUTE
    FreeRTOS\port.c                          0x00000000   Number         0  port.o ABSOLUTE
    FreeRTOS\queue.c                         0x00000000   Number         0  queue.o ABSOLUTE
    FreeRTOS\tasks.c                         0x00000000   Number         0  tasks.o ABSOLUTE
    FreeRTOS\timers.c                        0x00000000   Number         0  timers.o ABSOLUTE
    blinky\Blinky.c                          0x00000000   Number         0  blinky.o ABSOLUTE
    blinky\\Blinky.c                         0x00000000   Number         0  blinky.o ABSOLUTE
    board\\system_MKW41Z4.c                  0x00000000   Number         0  system_mkw41z4.o ABSOLUTE
    board\system_MKW41Z4.c                   0x00000000   Number         0  system_mkw41z4.o ABSOLUTE
    board\system_MKW41Z4.s                   0x00000000   Number         0  system_mkw41z4_1.o ABSOLUTE
    dc.s                                     0x00000000   Number         0  dc.o ABSOLUTE
    !!!main                                  0x000000c0   Section        8  __main.o(!!!main)
    !!!scatter                               0x000000c8   Section       60  __scatter.o(!!!scatter)
    !!handler_copy                           0x00000104   Section       26  __scatter_copy.o(!!handler_copy)
    !!handler_zi                             0x00000120   Section       28  __scatter_zi.o(!!handler_zi)
    .ARM.Collect$$libinit$$00000000          0x0000013c   Section        2  libinit.o(.ARM.Collect$$libinit$$00000000)
    .ARM.Collect$$libinit$$00000002          0x0000013e   Section        0  libinit2.o(.ARM.Collect$$libinit$$00000002)
    .ARM.Collect$$libinit$$00000004          0x0000013e   Section        0  libinit2.o(.ARM.Collect$$libinit$$00000004)
    .ARM.Collect$$libinit$$0000000A          0x0000013e   Section        0  libinit2.o(.ARM.Collect$$libinit$$0000000A)
    .ARM.Collect$$libinit$$0000000C          0x0000013e   Section        0  libinit2.o(.ARM.Collect$$libinit$$0000000C)
    .ARM.Collect$$libinit$$0000000E          0x0000013e   Section        0  libinit2.o(.ARM.Collect$$libinit$$0000000E)
    .ARM.Collect$$libinit$$00000011          0x0000013e   Section        0  libinit2.o(.ARM.Collect$$libinit$$00000011)
    .ARM.Collect$$libinit$$00000013          0x0000013e   Section        0  libinit2.o(.ARM.Collect$$libinit$$00000013)
    .ARM.Collect$$libinit$$00000015          0x0000013e   Section        0  libinit2.o(.ARM.Collect$$libinit$$00000015)
    .ARM.Collect$$libinit$$00000017          0x0000013e   Section        0  libinit2.o(.ARM.Collect$$libinit$$00000017)
    .ARM.Collect$$libinit$$00000019          0x0000013e   Section        0  libinit2.o(.ARM.Collect$$libinit$$00000019)
    .ARM.Collect$$libinit$$0000001B          0x0000013e   Section        0  libinit2.o(.ARM.Collect$$libinit$$0000001B)
    .ARM.Collect$$libinit$$0000001D          0x0000013e   Section        0  libinit2.o(.ARM.Collect$$libinit$$0000001D)
    .ARM.Collect$$libinit$$0000001F          0x0000013e   Section        0  libinit2.o(.ARM.Collect$$libinit$$0000001F)
    .ARM.Collect$$libinit$$00000021          0x0000013e   Section        0  libinit2.o(.ARM.Collect$$libinit$$00000021)
    .ARM.Collect$$libinit$$00000023          0x0000013e   Section        0  libinit2.o(.ARM.Collect$$libinit$$00000023)
    .ARM.Collect$$libinit$$00000025          0x0000013e   Section        0  libinit2.o(.ARM.Collect$$libinit$$00000025)
    .ARM.Collect$$libinit$$0000002C          0x0000013e   Section        0  libinit2.o(.ARM.Collect$$libinit$$0000002C)
    .ARM.Collect$$libinit$$0000002E          0x0000013e   Section        0  libinit2.o(.ARM.Collect$$libinit$$0000002E)
    .ARM.Collect$$libinit$$00000030          0x0000013e   Section        0  libinit2.o(.ARM.Collect$$libinit$$00000030)
    .ARM.Collect$$libinit$$00000032          0x0000013e   Section        0  libinit2.o(.ARM.Collect$$libinit$$00000032)
    .ARM.Collect$$libinit$$00000033          0x0000013e   Section        2  libinit2.o(.ARM.Collect$$libinit$$00000033)
    .ARM.Collect$$libshutdown$$00000000      0x00000140   Section        2  libshutdown.o(.ARM.Collect$$libshutdown$$00000000)
    .ARM.Collect$$libshutdown$$00000002      0x00000142   Section        0  libshutdown2.o(.ARM.Collect$$libshutdown$$00000002)
    .ARM.Collect$$libshutdown$$00000004      0x00000142   Section        0  libshutdown2.o(.ARM.Collect$$libshutdown$$00000004)
    .ARM.Collect$$libshutdown$$00000007      0x00000142   Section        0  libshutdown2.o(.ARM.Collect$$libshutdown$$00000007)
    .ARM.Collect$$libshutdown$$0000000A      0x00000142   Section        0  libshutdown2.o(.ARM.Collect$$libshutdown$$0000000A)
    .ARM.Collect$$libshutdown$$0000000C      0x00000142   Section        0  libshutdown2.o(.ARM.Collect$$libshutdown$$0000000C)
    .ARM.Collect$$libshutdown$$0000000F      0x00000142   Section        0  libshutdown2.o(.ARM.Collect$$libshutdown$$0000000F)
    .ARM.Collect$$libshutdown$$00000010      0x00000142   Section        2  libshutdown2.o(.ARM.Collect$$libshutdown$$00000010)
    .ARM.Collect$$rtentry$$00000000          0x00000144   Section        0  __rtentry.o(.ARM.Collect$$rtentry$$00000000)
    .ARM.Collect$$rtentry$$00000002          0x00000144   Section        0  __rtentry2.o(.ARM.Collect$$rtentry$$00000002)
    .ARM.Collect$$rtentry$$00000004          0x00000144   Section        6  __rtentry4.o(.ARM.Collect$$rtentry$$00000004)
    .ARM.Collect$$rtentry$$00000009          0x0000014a   Section        0  __rtentry2.o(.ARM.Collect$$rtentry$$00000009)
    .ARM.Collect$$rtentry$$0000000A          0x0000014a   Section        4  __rtentry2.o(.ARM.Collect$$rtentry$$0000000A)
    .ARM.Collect$$rtentry$$0000000C          0x0000014e   Section        0  __rtentry2.o(.ARM.Collect$$rtentry$$0000000C)
    .ARM.Collect$$rtentry$$0000000D          0x0000014e   Section        8  __rtentry2.o(.ARM.Collect$$rtentry$$0000000D)
    .ARM.Collect$$rtexit$$00000000           0x00000156   Section        2  rtexit.o(.ARM.Collect$$rtexit$$00000000)
    .ARM.Collect$$rtexit$$00000002           0x00000158   Section        0  rtexit2.o(.ARM.Collect$$rtexit$$00000002)
    .ARM.Collect$$rtexit$$00000003           0x00000158   Section        4  rtexit2.o(.ARM.Collect$$rtexit$$00000003)
    .ARM.Collect$$rtexit$$00000004           0x0000015c   Section        6  rtexit2.o(.ARM.Collect$$rtexit$$00000004)
    .emb_text                                0x00000164   Section      120  port.o(.emb_text)
    .emb_text                                0x000001dc   Section       56  rt_memcpy.o(.emb_text)
    .text                                    0x00000214   Section      148  system_mkw41z4_1.o(.text)
    .text                                    0x000002a8   Section        0  rt_memcpy.o(.text)
    .text                                    0x0000032a   Section        0  aeabi_memset.o(.text)
    .text                                    0x0000033c   Section        0  heapauxi.o(.text)
    .text                                    0x00000342   Section        0  rt_memclr.o(.text)
    .text                                    0x00000382   Section       62  sys_stackheap_outer.o(.text)
    .text                                    0x000003c0   Section        0  exit.o(.text)
    .text                                    0x000003d0   Section        8  libspace.o(.text)
    .text                                    0x000003d8   Section        0  sys_exit.o(.text)
    .text                                    0x000003e4   Section        2  use_no_semi.o(.text)
    .text                                    0x000003e6   Section        0  indicate_semi.o(.text)
    i.SVC_Handler                            0x000003e6   Section        0  port.o(i.SVC_Handler)
    i.SystemInit                             0x000003e8   Section        0  system_mkw41z4.o(i.SystemInit)
    i.vListInitialiseItem                    0x000003f4   Section        0  list.o(i.vListInitialiseItem)
    .ARM.__at_0x400                          0x00000400   Section       16  system_mkw41z4_1.o(.ARM.__at_0x400)
    .text                                    0x00000410   Section      346  aeabi_sdiv.o(.text)
    i.LED_Initialize                         0x0000056c   Section        0  blinky.o(i.LED_Initialize)
    i.LED_Off                                0x00000610   Section        0  blinky.o(i.LED_Off)
    i.LED_On                                 0x00000634   Section        0  blinky.o(i.LED_On)
    i.SysTick_Handler                        0x00000658   Section        0  port.o(i.SysTick_Handler)
    i.__ARM_common_switch8                   0x0000067c   Section        0  system_mkw41z4.o(i.__ARM_common_switch8)
    i.led3_task                              0x00000698   Section        0  blinky.o(i.led3_task)
    led3_task                                0x00000699   Thumb Code    32  blinky.o(i.led3_task)
    i.led4_task                              0x000006b8   Section        0  blinky.o(i.led4_task)
    led4_task                                0x000006b9   Thumb Code    32  blinky.o(i.led4_task)
    i.main                                   0x000006d8   Section        0  blinky.o(i.main)
    i.prvAddCurrentTaskToDelayedList         0x00000728   Section        0  tasks.o(i.prvAddCurrentTaskToDelayedList)
    prvAddCurrentTaskToDelayedList           0x00000729   Thumb Code   100  tasks.o(i.prvAddCurrentTaskToDelayedList)
    i.prvAddNewTaskToReadyList               0x000007a4   Section        0  tasks.o(i.prvAddNewTaskToReadyList)
    prvAddNewTaskToReadyList                 0x000007a5   Thumb Code   146  tasks.o(i.prvAddNewTaskToReadyList)
    i.prvCheckForValidListAndQueue           0x00000850   Section        0  timers.o(i.prvCheckForValidListAndQueue)
    prvCheckForValidListAndQueue             0x00000851   Thumb Code    76  timers.o(i.prvCheckForValidListAndQueue)
    i.prvCheckTasksWaitingTermination        0x000008b8   Section        0  tasks.o(i.prvCheckTasksWaitingTermination)
    prvCheckTasksWaitingTermination          0x000008b9   Thumb Code    90  tasks.o(i.prvCheckTasksWaitingTermination)
    i.prvCopyDataFromQueue                   0x00000920   Section        0  queue.o(i.prvCopyDataFromQueue)
    prvCopyDataFromQueue                     0x00000921   Thumb Code    44  queue.o(i.prvCopyDataFromQueue)
    i.prvCopyDataToQueue                     0x0000094c   Section        0  queue.o(i.prvCopyDataToQueue)
    prvCopyDataToQueue                       0x0000094d   Thumb Code   128  queue.o(i.prvCopyDataToQueue)
    i.prvDeleteTCB                           0x000009cc   Section        0  tasks.o(i.prvDeleteTCB)
    prvDeleteTCB                             0x000009cd   Thumb Code    18  tasks.o(i.prvDeleteTCB)
    i.prvGetNextExpireTime                   0x000009e0   Section        0  timers.o(i.prvGetNextExpireTime)
    prvGetNextExpireTime                     0x000009e1   Thumb Code    40  timers.o(i.prvGetNextExpireTime)
    i.prvIdleTask                            0x00000a0c   Section        0  tasks.o(i.prvIdleTask)
    prvIdleTask                              0x00000a0d   Thumb Code    20  tasks.o(i.prvIdleTask)
    i.prvInitialiseNewQueue                  0x00000a24   Section        0  queue.o(i.prvInitialiseNewQueue)
    prvInitialiseNewQueue                    0x00000a25   Thumb Code    44  queue.o(i.prvInitialiseNewQueue)
    i.prvInitialiseNewTask                   0x00000a50   Section        0  tasks.o(i.prvInitialiseNewTask)
    prvInitialiseNewTask                     0x00000a51   Thumb Code   192  tasks.o(i.prvInitialiseNewTask)
    i.prvInitialiseTaskLists                 0x00000b10   Section        0  tasks.o(i.prvInitialiseTaskLists)
    prvInitialiseTaskLists                   0x00000b11   Thumb Code    68  tasks.o(i.prvInitialiseTaskLists)
    i.prvInsertTimerInActiveList             0x00000b74   Section        0  timers.o(i.prvInsertTimerInActiveList)
    prvInsertTimerInActiveList               0x00000b75   Thumb Code    76  timers.o(i.prvInsertTimerInActiveList)
    i.prvIsQueueEmpty                        0x00000bc8   Section        0  queue.o(i.prvIsQueueEmpty)
    prvIsQueueEmpty                          0x00000bc9   Thumb Code    28  queue.o(i.prvIsQueueEmpty)
    i.prvIsQueueFull                         0x00000be4   Section        0  queue.o(i.prvIsQueueFull)
    prvIsQueueFull                           0x00000be5   Thumb Code    30  queue.o(i.prvIsQueueFull)
    i.prvProcessExpiredTimer                 0x00000c04   Section        0  timers.o(i.prvProcessExpiredTimer)
    prvProcessExpiredTimer                   0x00000c05   Thumb Code    82  timers.o(i.prvProcessExpiredTimer)
    i.prvProcessReceivedCommands             0x00000c5c   Section        0  timers.o(i.prvProcessReceivedCommands)
    prvProcessReceivedCommands               0x00000c5d   Thumb Code   250  timers.o(i.prvProcessReceivedCommands)
    i.prvProcessTimerOrBlockTask             0x00000d5c   Section        0  timers.o(i.prvProcessTimerOrBlockTask)
    prvProcessTimerOrBlockTask               0x00000d5d   Thumb Code   100  timers.o(i.prvProcessTimerOrBlockTask)
    i.prvResetNextTaskUnblockTime            0x00000dc8   Section        0  tasks.o(i.prvResetNextTaskUnblockTime)
    prvResetNextTaskUnblockTime              0x00000dc9   Thumb Code    46  tasks.o(i.prvResetNextTaskUnblockTime)
    i.prvSampleTimeNow                       0x00000e00   Section        0  timers.o(i.prvSampleTimeNow)
    prvSampleTimeNow                         0x00000e01   Thumb Code    40  timers.o(i.prvSampleTimeNow)
    i.prvSetupTimerInterrupt                 0x00000e2c   Section        0  fsl_tickless_systick.o(i.prvSetupTimerInterrupt)
    i.prvSwitchTimerLists                    0x00000e54   Section        0  timers.o(i.prvSwitchTimerLists)
    prvSwitchTimerLists                      0x00000e55   Thumb Code   134  timers.o(i.prvSwitchTimerLists)
    i.prvTaskExitError                       0x00000ee4   Section        0  port.o(i.prvTaskExitError)
    prvTaskExitError                         0x00000ee5   Thumb Code    32  port.o(i.prvTaskExitError)
    i.prvTimerTask                           0x00000f08   Section        0  timers.o(i.prvTimerTask)
    prvTimerTask                             0x00000f09   Thumb Code    26  timers.o(i.prvTimerTask)
    i.prvUnlockQueue                         0x00000f22   Section        0  queue.o(i.prvUnlockQueue)
    prvUnlockQueue                           0x00000f23   Thumb Code   142  queue.o(i.prvUnlockQueue)
    i.pvPortMalloc                           0x00000fb0   Section        0  heap_1.o(i.pvPortMalloc)
    i.pvTaskIncrementMutexHeldCount          0x00001024   Section        0  tasks.o(i.pvTaskIncrementMutexHeldCount)
    i.pxPortInitialiseStack                  0x00001044   Section        0  port.o(i.pxPortInitialiseStack)
    i.uxListRemove                           0x00001064   Section        0  list.o(i.uxListRemove)
    i.vListInitialise                        0x0000108c   Section        0  list.o(i.vListInitialise)
    i.vListInsert                            0x000010a6   Section        0  list.o(i.vListInsert)
    i.vListInsertEnd                         0x000010dc   Section        0  list.o(i.vListInsertEnd)
    i.vPortEnterCritical                     0x000010f4   Section        0  port.o(i.vPortEnterCritical)
    i.vPortExitCritical                      0x00001110   Section        0  port.o(i.vPortExitCritical)
    i.vPortFree                              0x00001138   Section        0  heap_1.o(i.vPortFree)
    i.vPortYield                             0x00001150   Section        0  port.o(i.vPortYield)
    i.vQueueAddToRegistry                    0x00001168   Section        0  queue.o(i.vQueueAddToRegistry)
    i.vQueueWaitForMessageRestricted         0x00001194   Section        0  queue.o(i.vQueueWaitForMessageRestricted)
    i.vTaskDelay                             0x000011e0   Section        0  tasks.o(i.vTaskDelay)
    i.vTaskMissedYield                       0x00001224   Section        0  tasks.o(i.vTaskMissedYield)
    i.vTaskPlaceOnEventList                  0x00001230   Section        0  tasks.o(i.vTaskPlaceOnEventList)
    i.vTaskPlaceOnEventListRestricted        0x0000125c   Section        0  tasks.o(i.vTaskPlaceOnEventListRestricted)
    i.vTaskPriorityInherit                   0x00001290   Section        0  tasks.o(i.vTaskPriorityInherit)
    i.vTaskSetTimeOutState                   0x0000131c   Section        0  tasks.o(i.vTaskSetTimeOutState)
    i.vTaskStartScheduler                    0x0000133c   Section        0  tasks.o(i.vTaskStartScheduler)
    i.vTaskSuspendAll                        0x000013b4   Section        0  tasks.o(i.vTaskSuspendAll)
    i.vTaskSwitchContext                     0x000013c4   Section        0  tasks.o(i.vTaskSwitchContext)
    i.xPortStartScheduler                    0x00001444   Section        0  port.o(i.xPortStartScheduler)
    i.xQueueGenericCreate                    0x0000147c   Section        0  queue.o(i.xQueueGenericCreate)
    i.xQueueGenericReceive                   0x000014cc   Section        0  queue.o(i.xQueueGenericReceive)
    i.xQueueGenericReset                     0x00001658   Section        0  queue.o(i.xQueueGenericReset)
    i.xQueueGenericSend                      0x000016da   Section        0  queue.o(i.xQueueGenericSend)
    i.xQueueGenericSendFromISR               0x00001834   Section        0  queue.o(i.xQueueGenericSendFromISR)
    i.xTaskCheckForTimeOut                   0x000018f0   Section        0  tasks.o(i.xTaskCheckForTimeOut)
    i.xTaskCreate                            0x00001964   Section        0  tasks.o(i.xTaskCreate)
    i.xTaskGetSchedulerState                 0x000019c0   Section        0  tasks.o(i.xTaskGetSchedulerState)
    i.xTaskGetTickCount                      0x000019e4   Section        0  tasks.o(i.xTaskGetTickCount)
    i.xTaskIncrementTick                     0x000019f0   Section        0  tasks.o(i.xTaskIncrementTick)
    i.xTaskPriorityDisinherit                0x00001b14   Section        0  tasks.o(i.xTaskPriorityDisinherit)
    i.xTaskRemoveFromEventList               0x00001b9c   Section        0  tasks.o(i.xTaskRemoveFromEventList)
    i.xTaskResumeAll                         0x00001c24   Section        0  tasks.o(i.xTaskResumeAll)
    i.xTimerCreateTimerTask                  0x00001d14   Section        0  timers.o(i.xTimerCreateTimerTask)
    i.xTimerGenericCommand                   0x00001d5c   Section        0  timers.o(i.xTimerGenericCommand)
    .constdata                               0x00001dd0   Section       48  blinky.o(.constdata)
    .constdata                               0x00001e00   Section       16  tasks.o(.constdata)
    __tagsym$$used                           0x00001e00   Number         0  tasks.o(.constdata)
    .data                                    0x1fff8000   Section        4  system_mkw41z4.o(.data)
    .data                                    0x1fff8004   Section        4  port.o(.data)
    uxCriticalNesting                        0x1fff8004   Data           4  port.o(.data)
    .data                                    0x1fff8008   Section       60  tasks.o(.data)
    pxDelayedTaskList                        0x1fff800c   Data           4  tasks.o(.data)
    pxOverflowDelayedTaskList                0x1fff8010   Data           4  tasks.o(.data)
    uxDeletedTasksWaitingCleanUp             0x1fff8014   Data           4  tasks.o(.data)
    uxCurrentNumberOfTasks                   0x1fff8018   Data           4  tasks.o(.data)
    xTickCount                               0x1fff801c   Data           4  tasks.o(.data)
    uxTopReadyPriority                       0x1fff8020   Data           4  tasks.o(.data)
    xSchedulerRunning                        0x1fff8024   Data           4  tasks.o(.data)
    uxPendedTicks                            0x1fff8028   Data           4  tasks.o(.data)
    xYieldPending                            0x1fff802c   Data           4  tasks.o(.data)
    xNumOfOverflows                          0x1fff8030   Data           4  tasks.o(.data)
    uxTaskNumber                             0x1fff8034   Data           4  tasks.o(.data)
    xNextTaskUnblockTime                     0x1fff8038   Data           4  tasks.o(.data)
    xIdleTaskHandle                          0x1fff803c   Data           4  tasks.o(.data)
    uxSchedulerSuspended                     0x1fff8040   Data           4  tasks.o(.data)
    .data                                    0x1fff8044   Section       20  timers.o(.data)
    pxCurrentTimerList                       0x1fff8044   Data           4  timers.o(.data)
    pxOverflowTimerList                      0x1fff8048   Data           4  timers.o(.data)
    xTimerQueue                              0x1fff804c   Data           4  timers.o(.data)
    xTimerTaskHandle                         0x1fff8050   Data           4  timers.o(.data)
    xLastTime                                0x1fff8054   Data           4  timers.o(.data)
    .data                                    0x1fff8058   Section        8  heap_1.o(.data)
    xNextFreeByte                            0x1fff8058   Data           4  heap_1.o(.data)
    pucAlignedHeap                           0x1fff805c   Data           4  heap_1.o(.data)
    .bss                                     0x1fff8060   Section       64  queue.o(.bss)
    .bss                                     0x1fff80a0   Section      200  tasks.o(.bss)
    pxReadyTasksLists                        0x1fff80a0   Data         100  tasks.o(.bss)
    xDelayedTaskList1                        0x1fff8104   Data          20  tasks.o(.bss)
    xDelayedTaskList2                        0x1fff8118   Data          20  tasks.o(.bss)
    xPendingReadyList                        0x1fff812c   Data          20  tasks.o(.bss)
    xTasksWaitingTermination                 0x1fff8140   Data          20  tasks.o(.bss)
    xSuspendedTaskList                       0x1fff8154   Data          20  tasks.o(.bss)
    .bss                                     0x1fff8168   Section       40  timers.o(.bss)
    xActiveTimerList1                        0x1fff8168   Data          20  timers.o(.bss)
    xActiveTimerList2                        0x1fff817c   Data          20  timers.o(.bss)
    .bss                                     0x1fff8190   Section    10240  heap_1.o(.bss)
    ucHeap                                   0x1fff8190   Data       10240  heap_1.o(.bss)
    .bss                                     0x1fffa990   Section       96  libspace.o(.bss)
    HEAP                                     0x1fffa9f0   Section        0  system_mkw41z4_1.o(HEAP)
    STACK                                    0x1fffa9f0   Section     1024  system_mkw41z4_1.o(STACK)
    Heap_Mem                                 0x1fffa9f0   Data           0  system_mkw41z4_1.o(HEAP)
    Stack_Mem                                0x1fffa9f0   Data        1024  system_mkw41z4_1.o(STACK)
    __initial_sp                             0x1fffadf0   Data           0  system_mkw41z4_1.o(STACK)

    Global Symbols

    Symbol Name                              Value     Ov Type        Size  Object(Section)

    BuildAttributes$$THM_ISAv3M$S$PE$A:L22$X:L11$S22$IEEE1$IW$USESV6$~STKCKD$USESV7$~SHL$OSPACE$ROPI$EBA8$UX$STANDARDLIB$REQ8$PRES8$EABIv2 0x00000000   Number         0  anon$$obj.o ABSOLUTE
    __ARM_use_no_argv                        0x00000000   Number         0  blinky.o ABSOLUTE
    __Vectors                                0x00000000   Data           4  system_mkw41z4_1.o(RESET)
    __ARM_exceptions_init                     - Undefined Weak Reference
    __alloca_initialize                       - Undefined Weak Reference
    __arm_preinit_                            - Undefined Weak Reference
    __cpp_initialize__aeabi_                  - Undefined Weak Reference
    __cxa_finalize                            - Undefined Weak Reference
    __rt_locale                               - Undefined Weak Reference
    __sigvec_lookup                           - Undefined Weak Reference
    _atexit_init                              - Undefined Weak Reference
    _call_atexit_fns                          - Undefined Weak Reference
    _clock_init                               - Undefined Weak Reference
    _fp_trap_init                             - Undefined Weak Reference
    _fp_trap_shutdown                         - Undefined Weak Reference
    _get_lc_collate                           - Undefined Weak Reference
    _get_lc_ctype                             - Undefined Weak Reference
    _get_lc_monetary                          - Undefined Weak Reference
    _get_lc_numeric                           - Undefined Weak Reference
    _get_lc_time                              - Undefined Weak Reference
    _getenv_init                              - Undefined Weak Reference
    _handle_redirection                       - Undefined Weak Reference
    _init_alloc                               - Undefined Weak Reference
    _init_user_alloc                          - Undefined Weak Reference
    _initio                                   - Undefined Weak Reference
    _rand_init                                - Undefined Weak Reference
    _signal_finish                            - Undefined Weak Reference
    _signal_init                              - Undefined Weak Reference
    _terminate_alloc                          - Undefined Weak Reference
    _terminate_user_alloc                     - Undefined Weak Reference
    _terminateio                              - Undefined Weak Reference
    __Vectors_End                            0x000000c0   Data           0  system_mkw41z4_1.o(RESET)
    __Vectors_Size                           0x000000c0   Number         0  system_mkw41z4_1.o ABSOLUTE
    __main                                   0x000000c1   Thumb Code     8  __main.o(!!!main)
    __scatterload                            0x000000c9   Thumb Code     0  __scatter.o(!!!scatter)
    __scatterload_rt2                        0x000000c9   Thumb Code    52  __scatter.o(!!!scatter)
    __scatterload_rt2_thumb_only             0x000000c9   Thumb Code     0  __scatter.o(!!!scatter)
    __scatterload_null                       0x000000d9   Thumb Code     0  __scatter.o(!!!scatter)
    __scatterload_copy                       0x00000105   Thumb Code    26  __scatter_copy.o(!!handler_copy)
    __scatterload_zeroinit                   0x00000121   Thumb Code    28  __scatter_zi.o(!!handler_zi)
    __rt_lib_init                            0x0000013d   Thumb Code     0  libinit.o(.ARM.Collect$$libinit$$00000000)
    __rt_lib_init_alloca_1                   0x0000013f   Thumb Code     0  libinit2.o(.ARM.Collect$$libinit$$0000002E)
    __rt_lib_init_argv_1                     0x0000013f   Thumb Code     0  libinit2.o(.ARM.Collect$$libinit$$0000002C)
    __rt_lib_init_atexit_1                   0x0000013f   Thumb Code     0  libinit2.o(.ARM.Collect$$libinit$$0000001B)
    __rt_lib_init_clock_1                    0x0000013f   Thumb Code     0  libinit2.o(.ARM.Collect$$libinit$$00000021)
    __rt_lib_init_cpp_1                      0x0000013f   Thumb Code     0  libinit2.o(.ARM.Collect$$libinit$$00000032)
    __rt_lib_init_exceptions_1               0x0000013f   Thumb Code     0  libinit2.o(.ARM.Collect$$libinit$$00000030)
    __rt_lib_init_fp_1                       0x0000013f   Thumb Code     0  libinit2.o(.ARM.Collect$$libinit$$00000002)
    __rt_lib_init_fp_trap_1                  0x0000013f   Thumb Code     0  libinit2.o(.ARM.Collect$$libinit$$0000001F)
    __rt_lib_init_getenv_1                   0x0000013f   Thumb Code     0  libinit2.o(.ARM.Collect$$libinit$$00000023)
    __rt_lib_init_heap_1                     0x0000013f   Thumb Code     0  libinit2.o(.ARM.Collect$$libinit$$0000000A)
    __rt_lib_init_lc_collate_1               0x0000013f   Thumb Code     0  libinit2.o(.ARM.Collect$$libinit$$00000011)
    __rt_lib_init_lc_ctype_1                 0x0000013f   Thumb Code     0  libinit2.o(.ARM.Collect$$libinit$$00000013)
    __rt_lib_init_lc_monetary_1              0x0000013f   Thumb Code     0  libinit2.o(.ARM.Collect$$libinit$$00000015)
    __rt_lib_init_lc_numeric_1               0x0000013f   Thumb Code     0  libinit2.o(.ARM.Collect$$libinit$$00000017)
    __rt_lib_init_lc_time_1                  0x0000013f   Thumb Code     0  libinit2.o(.ARM.Collect$$libinit$$00000019)
    __rt_lib_init_preinit_1                  0x0000013f   Thumb Code     0  libinit2.o(.ARM.Collect$$libinit$$00000004)
    __rt_lib_init_rand_1                     0x0000013f   Thumb Code     0  libinit2.o(.ARM.Collect$$libinit$$0000000E)
    __rt_lib_init_return                     0x0000013f   Thumb Code     0  libinit2.o(.ARM.Collect$$libinit$$00000033)
    __rt_lib_init_signal_1                   0x0000013f   Thumb Code     0  libinit2.o(.ARM.Collect$$libinit$$0000001D)
    __rt_lib_init_stdio_1                    0x0000013f   Thumb Code     0  libinit2.o(.ARM.Collect$$libinit$$00000025)
    __rt_lib_init_user_alloc_1               0x0000013f   Thumb Code     0  libinit2.o(.ARM.Collect$$libinit$$0000000C)
    __rt_lib_shutdown                        0x00000141   Thumb Code     0  libshutdown.o(.ARM.Collect$$libshutdown$$00000000)
    __rt_lib_shutdown_cpp_1                  0x00000143   Thumb Code     0  libshutdown2.o(.ARM.Collect$$libshutdown$$00000002)
    __rt_lib_shutdown_fp_trap_1              0x00000143   Thumb Code     0  libshutdown2.o(.ARM.Collect$$libshutdown$$00000007)
    __rt_lib_shutdown_heap_1                 0x00000143   Thumb Code     0  libshutdown2.o(.ARM.Collect$$libshutdown$$0000000F)
    __rt_lib_shutdown_return                 0x00000143   Thumb Code     0  libshutdown2.o(.ARM.Collect$$libshutdown$$00000010)
    __rt_lib_shutdown_signal_1               0x00000143   Thumb Code     0  libshutdown2.o(.ARM.Collect$$libshutdown$$0000000A)
    __rt_lib_shutdown_stdio_1                0x00000143   Thumb Code     0  libshutdown2.o(.ARM.Collect$$libshutdown$$00000004)
    __rt_lib_shutdown_user_alloc_1           0x00000143   Thumb Code     0  libshutdown2.o(.ARM.Collect$$libshutdown$$0000000C)
    __rt_entry                               0x00000145   Thumb Code     0  __rtentry.o(.ARM.Collect$$rtentry$$00000000)
    __rt_entry_presh_1                       0x00000145   Thumb Code     0  __rtentry2.o(.ARM.Collect$$rtentry$$00000002)
    __rt_entry_sh                            0x00000145   Thumb Code     0  __rtentry4.o(.ARM.Collect$$rtentry$$00000004)
    __rt_entry_li                            0x0000014b   Thumb Code     0  __rtentry2.o(.ARM.Collect$$rtentry$$0000000A)
    __rt_entry_postsh_1                      0x0000014b   Thumb Code     0  __rtentry2.o(.ARM.Collect$$rtentry$$00000009)
    __rt_entry_main                          0x0000014f   Thumb Code     0  __rtentry2.o(.ARM.Collect$$rtentry$$0000000D)
    __rt_entry_postli_1                      0x0000014f   Thumb Code     0  __rtentry2.o(.ARM.Collect$$rtentry$$0000000C)
    __rt_exit                                0x00000157   Thumb Code     0  rtexit.o(.ARM.Collect$$rtexit$$00000000)
    __rt_exit_ls                             0x00000159   Thumb Code     0  rtexit2.o(.ARM.Collect$$rtexit$$00000003)
    __rt_exit_prels_1                        0x00000159   Thumb Code     0  rtexit2.o(.ARM.Collect$$rtexit$$00000002)
    __rt_exit_exit                           0x0000015d   Thumb Code     0  rtexit2.o(.ARM.Collect$$rtexit$$00000004)
    __asm___6_port_c_39a90d8d__prvPortStartFirstTask 0x00000165   Thumb Code    36  port.o(.emb_text)
    ulSetInterruptMaskFromISR                0x0000018d   Thumb Code     8  port.o(.emb_text)
    vClearInterruptMaskFromISR               0x00000195   Thumb Code     6  port.o(.emb_text)
    PendSV_Handler                           0x0000019b   Thumb Code    62  port.o(.emb_text)
    __aeabi_memcpy4                          0x000001dd   Thumb Code    56  rt_memcpy.o(.emb_text)
    __aeabi_memcpy8                          0x000001dd   Thumb Code     0  rt_memcpy.o(.emb_text)
    Reset_Handler                            0x00000215   Thumb Code    18  system_mkw41z4_1.o(.text)
    NMI_Handler                              0x00000227   Thumb Code     2  system_mkw41z4_1.o(.text)
    HardFault_Handler                        0x00000229   Thumb Code     2  system_mkw41z4_1.o(.text)
    DMA0_IRQHandler                          0x00000231   Thumb Code     4  system_mkw41z4_1.o(.text)
    DMA1_IRQHandler                          0x00000235   Thumb Code     4  system_mkw41z4_1.o(.text)
    DMA2_IRQHandler                          0x00000239   Thumb Code     4  system_mkw41z4_1.o(.text)
    DMA3_IRQHandler                          0x0000023d   Thumb Code     4  system_mkw41z4_1.o(.text)
    I2C0_IRQHandler                          0x00000241   Thumb Code     4  system_mkw41z4_1.o(.text)
    I2C1_IRQHandler                          0x00000245   Thumb Code     4  system_mkw41z4_1.o(.text)
    SPI0_IRQHandler                          0x00000249   Thumb Code     4  system_mkw41z4_1.o(.text)
    LPUART0_IRQHandler                       0x0000024d   Thumb Code     4  system_mkw41z4_1.o(.text)
    SPI1_IRQHandler                          0x00000251   Thumb Code     4  system_mkw41z4_1.o(.text)
    ADC0_IRQHandler                          0x00000255   Thumb Code     0  system_mkw41z4_1.o(.text)
    CMP0_IRQHandler                          0x00000255   Thumb Code     0  system_mkw41z4_1.o(.text)
    CMT_IRQHandler                           0x00000255   Thumb Code     0  system_mkw41z4_1.o(.text)
    DAC0_IRQHandler                          0x00000255   Thumb Code     0  system_mkw41z4_1.o(.text)
    DMA0_DriverIRQHandler                    0x00000255   Thumb Code     0  system_mkw41z4_1.o(.text)
    DMA1_DriverIRQHandler                    0x00000255   Thumb Code     0  system_mkw41z4_1.o(.text)
    DMA2_DriverIRQHandler                    0x00000255   Thumb Code     0  system_mkw41z4_1.o(.text)
    DMA3_DriverIRQHandler                    0x00000255   Thumb Code     0  system_mkw41z4_1.o(.text)
    DefaultISR                               0x00000255   Thumb Code     0  system_mkw41z4_1.o(.text)
    FTFA_IRQHandler                          0x00000255   Thumb Code     0  system_mkw41z4_1.o(.text)
    I2C0_DriverIRQHandler                    0x00000255   Thumb Code     0  system_mkw41z4_1.o(.text)
    I2C1_DriverIRQHandler                    0x00000255   Thumb Code     0  system_mkw41z4_1.o(.text)
    LLWU_IRQHandler                          0x00000255   Thumb Code     0  system_mkw41z4_1.o(.text)
    LPTMR0_IRQHandler                        0x00000255   Thumb Code     0  system_mkw41z4_1.o(.text)
    LPUART0_DriverIRQHandler                 0x00000255   Thumb Code     0  system_mkw41z4_1.o(.text)
    LTC0_IRQHandler                          0x00000255   Thumb Code     0  system_mkw41z4_1.o(.text)
    LVD_LVW_DCDC_IRQHandler                  0x00000255   Thumb Code     0  system_mkw41z4_1.o(.text)
    MCG_IRQHandler                           0x00000255   Thumb Code     0  system_mkw41z4_1.o(.text)
    PIT_IRQHandler                           0x00000255   Thumb Code     0  system_mkw41z4_1.o(.text)
    PORTA_IRQHandler                         0x00000255   Thumb Code     0  system_mkw41z4_1.o(.text)
    PORTB_PORTC_IRQHandler                   0x00000255   Thumb Code     0  system_mkw41z4_1.o(.text)
    RTC_IRQHandler                           0x00000255   Thumb Code     0  system_mkw41z4_1.o(.text)
    RTC_Seconds_IRQHandler                   0x00000255   Thumb Code     0  system_mkw41z4_1.o(.text)
    Radio_0_IRQHandler                       0x00000255   Thumb Code     0  system_mkw41z4_1.o(.text)
    Radio_1_IRQHandler                       0x00000255   Thumb Code     0  system_mkw41z4_1.o(.text)
    Reserved20_IRQHandler                    0x00000255   Thumb Code     0  system_mkw41z4_1.o(.text)
    SPI0_DriverIRQHandler                    0x00000255   Thumb Code     0  system_mkw41z4_1.o(.text)
    SPI1_DriverIRQHandler                    0x00000255   Thumb Code     0  system_mkw41z4_1.o(.text)
    TPM0_IRQHandler                          0x00000255   Thumb Code     0  system_mkw41z4_1.o(.text)
    TPM1_IRQHandler                          0x00000255   Thumb Code     0  system_mkw41z4_1.o(.text)
    TPM2_IRQHandler                          0x00000255   Thumb Code     0  system_mkw41z4_1.o(.text)
    TRNG0_IRQHandler                         0x00000255   Thumb Code     0  system_mkw41z4_1.o(.text)
    TSI0_IRQHandler                          0x00000255   Thumb Code     0  system_mkw41z4_1.o(.text)
    __user_initial_stackheap                 0x00000259   Thumb Code     0  system_mkw41z4_1.o(.text)
    __aeabi_memcpy                           0x000002a9   Thumb Code   130  rt_memcpy.o(.text)
    __rt_memcpy                              0x000002a9   Thumb Code     0  rt_memcpy.o(.text)
    __aeabi_memset                           0x0000032b   Thumb Code    18  aeabi_memset.o(.text)
    __use_two_region_memory                  0x0000033d   Thumb Code     2  heapauxi.o(.text)
    __rt_heap_escrow$2region                 0x0000033f   Thumb Code     2  heapauxi.o(.text)
    __rt_heap_expand$2region                 0x00000341   Thumb Code     2  heapauxi.o(.text)
    _memset_w                                0x00000343   Thumb Code    26  rt_memclr.o(.text)
    _memset                                  0x0000035d   Thumb Code    30  rt_memclr.o(.text)
    __aeabi_memclr                           0x0000037b   Thumb Code     4  rt_memclr.o(.text)
    __rt_memclr                              0x0000037b   Thumb Code     0  rt_memclr.o(.text)
    __aeabi_memclr4                          0x0000037f   Thumb Code     0  rt_memclr.o(.text)
    __aeabi_memclr8                          0x0000037f   Thumb Code     0  rt_memclr.o(.text)
    __rt_memclr_w                            0x0000037f   Thumb Code     4  rt_memclr.o(.text)
    __user_setup_stackheap                   0x00000383   Thumb Code    62  sys_stackheap_outer.o(.text)
    exit                                     0x000003c1   Thumb Code    16  exit.o(.text)
    __user_libspace                          0x000003d1   Thumb Code     8  libspace.o(.text)
    __user_perproc_libspace                  0x000003d1   Thumb Code     0  libspace.o(.text)
    __user_perthread_libspace                0x000003d1   Thumb Code     0  libspace.o(.text)
    _sys_exit                                0x000003d9   Thumb Code     8  sys_exit.o(.text)
    __I$use$semihosting                      0x000003e5   Thumb Code     0  use_no_semi.o(.text)
    __use_no_semihosting_swi                 0x000003e5   Thumb Code     2  use_no_semi.o(.text)
    SVC_Handler                              0x000003e7   Thumb Code     2  port.o(i.SVC_Handler)
    __semihosting_library_function           0x000003e7   Thumb Code     0  indicate_semi.o(.text)
    SystemInit                               0x000003e9   Thumb Code     8  system_mkw41z4.o(i.SystemInit)
    vListInitialiseItem                      0x000003f5   Thumb Code     6  list.o(i.vListInitialiseItem)
    __aeabi_uidiv                            0x00000411   Thumb Code     0  aeabi_sdiv.o(.text)
    __aeabi_uidivmod                         0x00000411   Thumb Code    20  aeabi_sdiv.o(.text)
    __aeabi_idiv                             0x00000425   Thumb Code     0  aeabi_sdiv.o(.text)
    __aeabi_idivmod                          0x00000425   Thumb Code   326  aeabi_sdiv.o(.text)
    LED_Initialize                           0x0000056d   Thumb Code   148  blinky.o(i.LED_Initialize)
    LED_Off                                  0x00000611   Thumb Code    28  blinky.o(i.LED_Off)
    LED_On                                   0x00000635   Thumb Code    28  blinky.o(i.LED_On)
    SysTick_Handler                          0x00000659   Thumb Code    32  port.o(i.SysTick_Handler)
    __ARM_common_switch8                     0x0000067d   Thumb Code    28  system_mkw41z4.o(i.__ARM_common_switch8)
    main                                     0x000006d9   Thumb Code    56  blinky.o(i.main)
    prvSetupTimerInterrupt                   0x00000e2d   Thumb Code    30  fsl_tickless_systick.o(i.prvSetupTimerInterrupt)
    pvPortMalloc                             0x00000fb1   Thumb Code   100  heap_1.o(i.pvPortMalloc)
    pvTaskIncrementMutexHeldCount            0x00001025   Thumb Code    28  tasks.o(i.pvTaskIncrementMutexHeldCount)
    pxPortInitialiseStack                    0x00001045   Thumb Code    26  port.o(i.pxPortInitialiseStack)
    uxListRemove                             0x00001065   Thumb Code    40  list.o(i.uxListRemove)
    vListInitialise                          0x0000108d   Thumb Code    26  list.o(i.vListInitialise)
    vListInsert                              0x000010a7   Thumb Code    54  list.o(i.vListInsert)
    vListInsertEnd                           0x000010dd   Thumb Code    24  list.o(i.vListInsertEnd)
    vPortEnterCritical                       0x000010f5   Thumb Code    22  port.o(i.vPortEnterCritical)
    vPortExitCritical                        0x00001111   Thumb Code    36  port.o(i.vPortExitCritical)
    vPortFree                                0x00001139   Thumb Code    22  heap_1.o(i.vPortFree)
    vPortYield                               0x00001151   Thumb Code    18  port.o(i.vPortYield)
    vQueueAddToRegistry                      0x00001169   Thumb Code    40  queue.o(i.vQueueAddToRegistry)
    vQueueWaitForMessageRestricted           0x00001195   Thumb Code    76  queue.o(i.vQueueWaitForMessageRestricted)
    vTaskDelay                               0x000011e1   Thumb Code    62  tasks.o(i.vTaskDelay)
    vTaskMissedYield                         0x00001225   Thumb Code     8  tasks.o(i.vTaskMissedYield)
    vTaskPlaceOnEventList                    0x00001231   Thumb Code    38  tasks.o(i.vTaskPlaceOnEventList)
    vTaskPlaceOnEventListRestricted          0x0000125d   Thumb Code    48  tasks.o(i.vTaskPlaceOnEventListRestricted)
    vTaskPriorityInherit                     0x00001291   Thumb Code   128  tasks.o(i.vTaskPriorityInherit)
    vTaskSetTimeOutState                     0x0000131d   Thumb Code    24  tasks.o(i.vTaskSetTimeOutState)
    vTaskStartScheduler                      0x0000133d   Thumb Code    90  tasks.o(i.vTaskStartScheduler)
    vTaskSuspendAll                          0x000013b5   Thumb Code    12  tasks.o(i.vTaskSuspendAll)
    vTaskSwitchContext                       0x000013c5   Thumb Code   108  tasks.o(i.vTaskSwitchContext)
    xPortStartScheduler                      0x00001445   Thumb Code    48  port.o(i.xPortStartScheduler)
    xQueueGenericCreate                      0x0000147d   Thumb Code    80  queue.o(i.xQueueGenericCreate)
    xQueueGenericReceive                     0x000014cd   Thumb Code   396  queue.o(i.xQueueGenericReceive)
    xQueueGenericReset                       0x00001659   Thumb Code   130  queue.o(i.xQueueGenericReset)
    xQueueGenericSend                        0x000016db   Thumb Code   346  queue.o(i.xQueueGenericSend)
    xQueueGenericSendFromISR                 0x00001835   Thumb Code   188  queue.o(i.xQueueGenericSendFromISR)
    xTaskCheckForTimeOut                     0x000018f1   Thumb Code   106  tasks.o(i.xTaskCheckForTimeOut)
    xTaskCreate                              0x00001965   Thumb Code    92  tasks.o(i.xTaskCreate)
    xTaskGetSchedulerState                   0x000019c1   Thumb Code    28  tasks.o(i.xTaskGetSchedulerState)
    xTaskGetTickCount                        0x000019e5   Thumb Code     6  tasks.o(i.xTaskGetTickCount)
    xTaskIncrementTick                       0x000019f1   Thumb Code   246  tasks.o(i.xTaskIncrementTick)
    xTaskPriorityDisinherit                  0x00001b15   Thumb Code   124  tasks.o(i.xTaskPriorityDisinherit)
    xTaskRemoveFromEventList                 0x00001b9d   Thumb Code   112  tasks.o(i.xTaskRemoveFromEventList)
    xTaskResumeAll                           0x00001c25   Thumb Code   206  tasks.o(i.xTaskResumeAll)
    xTimerCreateTimerTask                    0x00001d15   Thumb Code    52  timers.o(i.xTimerCreateTimerTask)
    xTimerGenericCommand                     0x00001d5d   Thumb Code   110  timers.o(i.xTimerGenericCommand)
    led_pin                                  0x00001dd0   Data          16  blinky.o(.constdata)
    led_port                                 0x00001de0   Data          16  blinky.o(.constdata)
    led_gpio                                 0x00001df0   Data          16  blinky.o(.constdata)
    FreeRTOSDebugConfig                      0x00001e00   Data          16  tasks.o(.constdata)
    Region$$Table$$Base                      0x00001e10   Number         0  anon$$obj.o(Region$$Table)
    Region$$Table$$Limit                     0x00001e30   Number         0  anon$$obj.o(Region$$Table)
    SystemCoreClock                          0x1fff8000   Data           4  system_mkw41z4.o(.data)
    pxCurrentTCB                             0x1fff8008   Data           4  tasks.o(.data)
    xQueueRegistry                           0x1fff8060   Data          64  queue.o(.bss)
    __libspace_start                         0x1fffa990   Data          96  libspace.o(.bss)
    __temporary_stack_top$libspace           0x1fffa9f0   Data           0  libspace.o(.bss)



==============================================================================

Memory Map of the image

  Image Entry point : 0x000000c1

  Load Region LR_IROM1 (Base: 0x00000000, Size: 0x00001e90, Max: 0x00040000, ABSOLUTE)

    Execution Region ER_IROM1 (Base: 0x00000000, Size: 0x00001e30, Max: 0x00040000, ABSOLUTE)

    Base Addr    Size         Type   Attr      Idx    E Section Name        Object

    0x00000000   0x000000c0   Data   RO          171    RESET               system_mkw41z4_1.o
    0x000000c0   0x00000008   Code   RO         1068  * !!!main             c_p.l(__main.o)
    0x000000c8   0x0000003c   Code   RO         1239    !!!scatter          c_p.l(__scatter.o)
    0x00000104   0x0000001a   Code   RO         1241    !!handler_copy      c_p.l(__scatter_copy.o)
    0x0000011e   0x00000002   PAD
    0x00000120   0x0000001c   Code   RO         1243    !!handler_zi        c_p.l(__scatter_zi.o)
    0x0000013c   0x00000002   Code   RO         1108    .ARM.Collect$$libinit$$00000000  c_p.l(libinit.o)
    0x0000013e   0x00000000   Code   RO         1122    .ARM.Collect$$libinit$$00000002  c_p.l(libinit2.o)
    0x0000013e   0x00000000   Code   RO         1124    .ARM.Collect$$libinit$$00000004  c_p.l(libinit2.o)
    0x0000013e   0x00000000   Code   RO         1127    .ARM.Collect$$libinit$$0000000A  c_p.l(libinit2.o)
    0x0000013e   0x00000000   Code   RO         1129    .ARM.Collect$$libinit$$0000000C  c_p.l(libinit2.o)
    0x0000013e   0x00000000   Code   RO         1131    .ARM.Collect$$libinit$$0000000E  c_p.l(libinit2.o)
    0x0000013e   0x00000000   Code   RO         1134    .ARM.Collect$$libinit$$00000011  c_p.l(libinit2.o)
    0x0000013e   0x00000000   Code   RO         1136    .ARM.Collect$$libinit$$00000013  c_p.l(libinit2.o)
    0x0000013e   0x00000000   Code   RO         1138    .ARM.Collect$$libinit$$00000015  c_p.l(libinit2.o)
    0x0000013e   0x00000000   Code   RO         1140    .ARM.Collect$$libinit$$00000017  c_p.l(libinit2.o)
    0x0000013e   0x00000000   Code   RO         1142    .ARM.Collect$$libinit$$00000019  c_p.l(libinit2.o)
    0x0000013e   0x00000000   Code   RO         1144    .ARM.Collect$$libinit$$0000001B  c_p.l(libinit2.o)
    0x0000013e   0x00000000   Code   RO         1146    .ARM.Collect$$libinit$$0000001D  c_p.l(libinit2.o)
    0x0000013e   0x00000000   Code   RO         1148    .ARM.Collect$$libinit$$0000001F  c_p.l(libinit2.o)
    0x0000013e   0x00000000   Code   RO         1150    .ARM.Collect$$libinit$$00000021  c_p.l(libinit2.o)
    0x0000013e   0x00000000   Code   RO         1152    .ARM.Collect$$libinit$$00000023  c_p.l(libinit2.o)
    0x0000013e   0x00000000   Code   RO         1154    .ARM.Collect$$libinit$$00000025  c_p.l(libinit2.o)
    0x0000013e   0x00000000   Code   RO         1158    .ARM.Collect$$libinit$$0000002C  c_p.l(libinit2.o)
    0x0000013e   0x00000000   Code   RO         1160    .ARM.Collect$$libinit$$0000002E  c_p.l(libinit2.o)
    0x0000013e   0x00000000   Code   RO         1162    .ARM.Collect$$libinit$$00000030  c_p.l(libinit2.o)
    0x0000013e   0x00000000   Code   RO         1164    .ARM.Collect$$libinit$$00000032  c_p.l(libinit2.o)
    0x0000013e   0x00000002   Code   RO         1165    .ARM.Collect$$libinit$$00000033  c_p.l(libinit2.o)
    0x00000140   0x00000002   Code   RO         1196    .ARM.Collect$$libshutdown$$00000000  c_p.l(libshutdown.o)
    0x00000142   0x00000000   Code   RO         1222    .ARM.Collect$$libshutdown$$00000002  c_p.l(libshutdown2.o)
    0x00000142   0x00000000   Code   RO         1224    .ARM.Collect$$libshutdown$$00000004  c_p.l(libshutdown2.o)
    0x00000142   0x00000000   Code   RO         1227    .ARM.Collect$$libshutdown$$00000007  c_p.l(libshutdown2.o)
    0x00000142   0x00000000   Code   RO         1230    .ARM.Collect$$libshutdown$$0000000A  c_p.l(libshutdown2.o)
    0x00000142   0x00000000   Code   RO         1232    .ARM.Collect$$libshutdown$$0000000C  c_p.l(libshutdown2.o)
    0x00000142   0x00000000   Code   RO         1235    .ARM.Collect$$libshutdown$$0000000F  c_p.l(libshutdown2.o)
    0x00000142   0x00000002   Code   RO         1236    .ARM.Collect$$libshutdown$$00000010  c_p.l(libshutdown2.o)
    0x00000144   0x00000000   Code   RO         1070    .ARM.Collect$$rtentry$$00000000  c_p.l(__rtentry.o)
    0x00000144   0x00000000   Code   RO         1078    .ARM.Collect$$rtentry$$00000002  c_p.l(__rtentry2.o)
    0x00000144   0x00000006   Code   RO         1090    .ARM.Collect$$rtentry$$00000004  c_p.l(__rtentry4.o)
    0x0000014a   0x00000000   Code   RO         1080    .ARM.Collect$$rtentry$$00000009  c_p.l(__rtentry2.o)
    0x0000014a   0x00000004   Code   RO         1081    .ARM.Collect$$rtentry$$0000000A  c_p.l(__rtentry2.o)
    0x0000014e   0x00000000   Code   RO         1083    .ARM.Collect$$rtentry$$0000000C  c_p.l(__rtentry2.o)
    0x0000014e   0x00000008   Code   RO         1084    .ARM.Collect$$rtentry$$0000000D  c_p.l(__rtentry2.o)
    0x00000156   0x00000002   Code   RO         1113    .ARM.Collect$$rtexit$$00000000  c_p.l(rtexit.o)
    0x00000158   0x00000000   Code   RO         1169    .ARM.Collect$$rtexit$$00000002  c_p.l(rtexit2.o)
    0x00000158   0x00000004   Code   RO         1170    .ARM.Collect$$rtexit$$00000003  c_p.l(rtexit2.o)
    0x0000015c   0x00000006   Code   RO         1171    .ARM.Collect$$rtexit$$00000004  c_p.l(rtexit2.o)
    0x00000162   0x00000002   PAD
    0x00000164   0x00000078   Code   RO          245    .emb_text           port.o
    0x000001dc   0x00000038   Code   RO         1056    .emb_text           c_p.l(rt_memcpy.o)
    0x00000214   0x00000094   Code   RO          173    .text               system_mkw41z4_1.o
    0x000002a8   0x00000082   Code   RO         1057    .text               c_p.l(rt_memcpy.o)
    0x0000032a   0x00000012   Code   RO         1060    .text               c_p.l(aeabi_memset.o)
    0x0000033c   0x00000006   Code   RO         1066    .text               c_p.l(heapauxi.o)
    0x00000342   0x00000040   Code   RO         1075    .text               c_p.l(rt_memclr.o)
    0x00000382   0x0000003e   Code   RO         1094    .text               c_p.l(sys_stackheap_outer.o)
    0x000003c0   0x00000010   Code   RO         1097    .text               c_p.l(exit.o)
    0x000003d0   0x00000008   Code   RO         1109    .text               c_p.l(libspace.o)
    0x000003d8   0x0000000c   Code   RO         1166    .text               c_p.l(sys_exit.o)
    0x000003e4   0x00000002   Code   RO         1185    .text               c_p.l(use_no_semi.o)
    0x000003e6   0x00000000   Code   RO         1187    .text               c_p.l(indicate_semi.o)
    0x000003e6   0x00000002   Code   RO          246    i.SVC_Handler       port.o
    0x000003e8   0x0000000c   Code   RO          123    i.SystemInit        system_mkw41z4.o
    0x000003f4   0x00000006   Code   RO          181    i.vListInitialiseItem  list.o
    0x000003fa   0x00000006   PAD
    0x00000400   0x00000010   Code   RO          172    .ARM.__at_0x400     system_mkw41z4_1.o
    0x00000410   0x0000015a   Code   RO         1062    .text               c_p.l(aeabi_sdiv.o)
    0x0000056a   0x00000002   PAD
    0x0000056c   0x000000a4   Code   RO            3    i.LED_Initialize    blinky.o
    0x00000610   0x00000024   Code   RO            4    i.LED_Off           blinky.o
    0x00000634   0x00000024   Code   RO            5    i.LED_On            blinky.o
    0x00000658   0x00000024   Code   RO          247    i.SysTick_Handler   port.o
    0x0000067c   0x0000001c   Code   RO          146    i.__ARM_common_switch8  system_mkw41z4.o
    0x00000698   0x00000020   Code   RO            7    i.led3_task         blinky.o
    0x000006b8   0x00000020   Code   RO            8    i.led4_task         blinky.o
    0x000006d8   0x00000050   Code   RO            9    i.main              blinky.o
    0x00000728   0x0000007c   Code   RO          522    i.prvAddCurrentTaskToDelayedList  tasks.o
    0x000007a4   0x000000ac   Code   RO          523    i.prvAddNewTaskToReadyList  tasks.o
    0x00000850   0x00000068   Code   RO          878    i.prvCheckForValidListAndQueue  timers.o
    0x000008b8   0x00000068   Code   RO          524    i.prvCheckTasksWaitingTermination  tasks.o
    0x00000920   0x0000002c   Code   RO          321    i.prvCopyDataFromQueue  queue.o
    0x0000094c   0x00000080   Code   RO          322    i.prvCopyDataToQueue  queue.o
    0x000009cc   0x00000012   Code   RO          525    i.prvDeleteTCB      tasks.o
    0x000009de   0x00000002   PAD
    0x000009e0   0x0000002c   Code   RO          879    i.prvGetNextExpireTime  timers.o
    0x00000a0c   0x00000018   Code   RO          526    i.prvIdleTask       tasks.o
    0x00000a24   0x0000002c   Code   RO          324    i.prvInitialiseNewQueue  queue.o
    0x00000a50   0x000000c0   Code   RO          527    i.prvInitialiseNewTask  tasks.o
    0x00000b10   0x00000064   Code   RO          528    i.prvInitialiseTaskLists  tasks.o
    0x00000b74   0x00000054   Code   RO          881    i.prvInsertTimerInActiveList  timers.o
    0x00000bc8   0x0000001c   Code   RO          325    i.prvIsQueueEmpty   queue.o
    0x00000be4   0x0000001e   Code   RO          326    i.prvIsQueueFull    queue.o
    0x00000c02   0x00000002   PAD
    0x00000c04   0x00000058   Code   RO          882    i.prvProcessExpiredTimer  timers.o
    0x00000c5c   0x00000100   Code   RO          883    i.prvProcessReceivedCommands  timers.o
    0x00000d5c   0x0000006c   Code   RO          884    i.prvProcessTimerOrBlockTask  timers.o
    0x00000dc8   0x00000038   Code   RO          530    i.prvResetNextTaskUnblockTime  tasks.o
    0x00000e00   0x0000002c   Code   RO          885    i.prvSampleTimeNow  timers.o
    0x00000e2c   0x00000028   Code   RO         1041    i.prvSetupTimerInterrupt  fsl_tickless_systick.o
    0x00000e54   0x00000090   Code   RO          886    i.prvSwitchTimerLists  timers.o
    0x00000ee4   0x00000024   Code   RO          248    i.prvTaskExitError  port.o
    0x00000f08   0x0000001a   Code   RO          887    i.prvTimerTask      timers.o
    0x00000f22   0x0000008e   Code   RO          327    i.prvUnlockQueue    queue.o
    0x00000fb0   0x00000074   Code   RO         1008    i.pvPortMalloc      heap_1.o
    0x00001024   0x00000020   Code   RO          534    i.pvTaskIncrementMutexHeldCount  tasks.o
    0x00001044   0x00000020   Code   RO          249    i.pxPortInitialiseStack  port.o
    0x00001064   0x00000028   Code   RO          179    i.uxListRemove      list.o
    0x0000108c   0x0000001a   Code   RO          180    i.vListInitialise   list.o
    0x000010a6   0x00000036   Code   RO          182    i.vListInsert       list.o
    0x000010dc   0x00000018   Code   RO          183    i.vListInsertEnd    list.o
    0x000010f4   0x0000001c   Code   RO          251    i.vPortEnterCritical  port.o
    0x00001110   0x00000028   Code   RO          252    i.vPortExitCritical  port.o
    0x00001138   0x00000016   Code   RO         1009    i.vPortFree         heap_1.o
    0x0000114e   0x00000002   PAD
    0x00001150   0x00000018   Code   RO          253    i.vPortYield        port.o
    0x00001168   0x0000002c   Code   RO          333    i.vQueueAddToRegistry  queue.o
    0x00001194   0x0000004c   Code   RO          337    i.vQueueWaitForMessageRestricted  queue.o
    0x000011e0   0x00000044   Code   RO          542    i.vTaskDelay        tasks.o
    0x00001224   0x0000000c   Code   RO          547    i.vTaskMissedYield  tasks.o
    0x00001230   0x0000002c   Code   RO          549    i.vTaskPlaceOnEventList  tasks.o
    0x0000125c   0x00000034   Code   RO          550    i.vTaskPlaceOnEventListRestricted  tasks.o
    0x00001290   0x0000008c   Code   RO          552    i.vTaskPriorityInherit  tasks.o
    0x0000131c   0x00000020   Code   RO          557    i.vTaskSetTimeOutState  tasks.o
    0x0000133c   0x00000078   Code   RO          558    i.vTaskStartScheduler  tasks.o
    0x000013b4   0x00000010   Code   RO          560    i.vTaskSuspendAll   tasks.o
    0x000013c4   0x00000080   Code   RO          561    i.vTaskSwitchContext  tasks.o
    0x00001444   0x00000038   Code   RO          254    i.xPortStartScheduler  port.o
    0x0000147c   0x00000050   Code   RO          340    i.xQueueGenericCreate  queue.o
    0x000014cc   0x0000018c   Code   RO          341    i.xQueueGenericReceive  queue.o
    0x00001658   0x00000082   Code   RO          342    i.xQueueGenericReset  queue.o
    0x000016da   0x0000015a   Code   RO          343    i.xQueueGenericSend  queue.o
    0x00001834   0x000000bc   Code   RO          344    i.xQueueGenericSendFromISR  queue.o
    0x000018f0   0x00000074   Code   RO          562    i.xTaskCheckForTimeOut  tasks.o
    0x00001964   0x0000005c   Code   RO          563    i.xTaskCreate       tasks.o
    0x000019c0   0x00000024   Code   RO          567    i.xTaskGetSchedulerState  tasks.o
    0x000019e4   0x0000000c   Code   RO          568    i.xTaskGetTickCount  tasks.o
    0x000019f0   0x00000124   Code   RO          570    i.xTaskIncrementTick  tasks.o
    0x00001b14   0x00000088   Code   RO          573    i.xTaskPriorityDisinherit  tasks.o
    0x00001b9c   0x00000088   Code   RO          574    i.xTaskRemoveFromEventList  tasks.o
    0x00001c24   0x000000f0   Code   RO          576    i.xTaskResumeAll    tasks.o
    0x00001d14   0x00000048   Code   RO          891    i.xTimerCreateTimerTask  timers.o
    0x00001d5c   0x00000074   Code   RO          892    i.xTimerGenericCommand  timers.o
    0x00001dd0   0x00000030   Data   RO           10    .constdata          blinky.o
    0x00001e00   0x00000010   Data   RO          579    .constdata          tasks.o
    0x00001e10   0x00000020   Data   RO         1237    Region$$Table       anon$$obj.o


    Execution Region RW_IRAM1 (Base: 0x1fff8000, Size: 0x00002df0, Max: 0x00010000, ABSOLUTE)

    Base Addr    Size         Type   Attr      Idx    E Section Name        Object

    0x1fff8000   0x00000004   Data   RW          124    .data               system_mkw41z4.o
    0x1fff8004   0x00000004   Data   RW          255    .data               port.o
    0x1fff8008   0x0000003c   Data   RW          580    .data               tasks.o
    0x1fff8044   0x00000014   Data   RW          900    .data               timers.o
    0x1fff8058   0x00000008   Data   RW         1013    .data               heap_1.o
    0x1fff8060   0x00000040   Zero   RW          352    .bss                queue.o
    0x1fff80a0   0x000000c8   Zero   RW          578    .bss                tasks.o
    0x1fff8168   0x00000028   Zero   RW          899    .bss                timers.o
    0x1fff8190   0x00002800   Zero   RW         1012    .bss                heap_1.o
    0x1fffa990   0x00000060   Zero   RW         1110    .bss                c_p.l(libspace.o)
    0x1fffa9f0   0x00000000   Zero   RW          170    HEAP                system_mkw41z4_1.o
    0x1fffa9f0   0x00000400   Zero   RW          169    STACK               system_mkw41z4_1.o


==============================================================================

Image component sizes


      Code (inc. data)   RO Data    RW Data    ZI Data      Debug   Object Name

       380         56         48          0          0       7887   blinky.o
        40         10          0          0          0        465   fsl_tickless_systick.o
       138         16          0          8      10240       1703   heap_1.o
       150          0          0          0          0      10418   list.o
       374         48          0          4          0       7306   port.o
      1676          4          0          0         64      14421   queue.o
        40          4          0          4          0        683   system_mkw41z4.o
       164         86        192          0       1024       1192   system_mkw41z4_1.o
      2494        348         16         60        200      22169   tasks.o
      1086        112          0         20         40       8431   timers.o

    ----------------------------------------------------------------------
      6554        684        288         96      11568      74675   Object Totals
         0          0         32          0          0          0   (incl. Generated)
        12          0          0          0          0          0   (incl. Padding)

    ----------------------------------------------------------------------

      Code (inc. data)   RO Data    RW Data    ZI Data      Debug   Library Member Name

         8          0          0          0          0         68   __main.o
         0          0          0          0          0          0   __rtentry.o
        12          0          0          0          0          0   __rtentry2.o
         6          0          0          0          0          0   __rtentry4.o
        60          8          0          0          0          0   __scatter.o
        26          0          0          0          0          0   __scatter_copy.o
        28          0          0          0          0          0   __scatter_zi.o
        18          0          0          0          0         68   aeabi_memset.o
       346          0          0          0          0         92   aeabi_sdiv.o
        16          0          0          0          0         68   exit.o
         6          0          0          0          0        136   heapauxi.o
         0          0          0          0          0          0   indicate_semi.o
         2          0          0          0          0          0   libinit.o
         2          0          0          0          0          0   libinit2.o
         2          0          0          0          0          0   libshutdown.o
         2          0          0          0          0          0   libshutdown2.o
         8          4          0          0         96         68   libspace.o
        64          0          0          0          0        108   rt_memclr.o
       186          0          0          0          0        144   rt_memcpy.o
         2          0          0          0          0          0   rtexit.o
        10          0          0          0          0          0   rtexit2.o
        12          4          0          0          0         60   sys_exit.o
        62          0          0          0          0         80   sys_stackheap_outer.o
         2          0          0          0          0         68   use_no_semi.o

    ----------------------------------------------------------------------
       886         16          0          0         96        960   Library Totals
         6          0          0          0          0          0   (incl. Padding)

    ----------------------------------------------------------------------

      Code (inc. data)   RO Data    RW Data    ZI Data      Debug   Library Name

       880         16          0          0         96        960   c_p.l

    ----------------------------------------------------------------------
       886         16          0          0         96        960   Library Totals

    ----------------------------------------------------------------------

==============================================================================


      Code (inc. data)   RO Data    RW Data    ZI Data      Debug   

      7440        700        288         96      11664      72131   Grand Totals
      7440        700        288         96      11664      72131   ELF Image Totals
      7440        700        288         96          0          0   ROM Totals

==============================================================================

    Total RO  Size (Code + RO Data)                 7728 (   7.55kB)
    Total RW  Size (RW Data + ZI Data)             11760 (  11.48kB)
    Total ROM Size (Code + RO Data + RW Data)       7824 (   7.64kB)

==============================================================================

